D	entry.dawn	264	267	undefined function: sub	`sub` is not in scope unqualified, but an import exports it: write `m.sub(...)`, or add `use lib.{sub}` to keep the dot call
D	entry.dawn	340	343	undefined function: sub	`sub` is not in scope unqualified, but an import exports it: write `m.sub(...)`, or add `use lib.{sub}` to call it unqualified
D	entry.dawn	433	437	undefined function: pick	`pick` is not in scope unqualified, but imports export it: write `o.pick(...)` or `m.pick(...)`, or add `use other.{pick}` or `use lib.{pick}` to keep the dot call
D	entry.dawn	477	481	undefined function: pick	`pick` is not in scope unqualified, but imports export it: write `o.pick(...)` or `m.pick(...)`, or add `use other.{pick}` or `use lib.{pick}` to call it unqualified
D	entry.dawn	572	575	undefined function: mul	`mul` is not a builtin; use std/narrow, then narrow.mul(...)
