D	arity_cascade.dawn	4430	4439	`One` takes 1 field(s), got 2	constructor: One(x: Int): Sum
D	arity_cascade.dawn	4534	4541	`Zero` takes 0 field(s), got 1	constructor: Zero: Sum
D	arity_cascade.dawn	4534	4541	function `c_bad` declares return type Int but its body is Sum	
D	arity_cascade.dawn	4643	4648	missing field(s) in `One`: x	constructor: One(x: Int): Sum
D	arity_cascade.dawn	4643	4648	function `c_missing_bad` declares return type Int but its body is Sum	
D	arity_cascade.dawn	4744	4752	`plain` takes 2 argument(s), got 1	signature: fn plain(a: Int, b: Int) -> Int
D	arity_cascade.dawn	4852	4860	`plain` takes 2 argument(s), got 1	signature: fn plain(a: Int, b: Int) -> Int
D	arity_cascade.dawn	4852	4860	function `f_bad` declares return type String but its body is Int	
D	arity_cascade.dawn	4983	4990	`f` takes 1 argument(s), got 2	type: fn(Int) -> Int
D	arity_cascade.dawn	4983	4990	function `v_bad` declares return type String but its body is Int	
D	arity_cascade.dawn	5286	5299	this function takes 1 argument(s), got 2	type: fn(Int) -> Int
D	arity_cascade.dawn	5286	5299	function `e_bad` declares return type String but its body is Int	
D	arity_cascade.dawn	5415	5424	`g` takes 1 argument(s), got 2	field type: fn(Int) -> Int
D	arity_cascade.dawn	5415	5424	function `fld_bad` declares return type String but its body is Int	
D	arity_cascade.dawn	5567	5578	`ident` takes 1 argument(s), got 2	signature: fn ident[T](x: T) -> T
D	arity_cascade.dawn	5607	5618	`ident` takes 1 argument(s), got 2	signature: fn ident[T](x: T) -> T
D	arity_cascade.dawn	5817	5825	`plain` takes 2 argument(s), got 1	signature: fn plain(a: Int, b: Int) -> Int
D	arity_cascade.dawn	5801	5827	function `blk_bad` declares return type String but its body is Int	
D	arity_cascade.dawn	5916	5917	function `ret_only` declares return type String but its body is Int	
D	arity_cascade.dawn	6079	6082	missing field(s) in `B`: x	constructor: B(x: T): Box[T]
D	arity_cascade.dawn	6202	6205	missing field(s) in `B`: x	constructor: B(x: T): Box[T]
D	arity_cascade.dawn	6316	6319	missing field(s) in `P`: x	constructor: P(x: Int): Ph[T]
D	arity_cascade.dawn	6316	6319	cannot infer type parameter(s) T for `P`	add a type annotation, e.g. let x: Ph[...] = P
D	arity_cascade.dawn	6353	6357	cannot infer type parameter(s) T for `P`	add a type annotation, e.g. let x: Ph[...] = P
D	arity_cascade.dawn	6537	6540	missing field(s) in `M`: a, b	constructor: M(a: T, b: Int): Mix[T, U]
D	arity_cascade.dawn	6537	6540	cannot infer type parameter(s) U for `M`	add a type annotation, e.g. let x: Mix[...] = M
D	arity_cascade.dawn	6715	6717	cannot infer the element type of an empty list	add a type annotation: let xs: List[Int] = []
D	arity_cascade.dawn	6713	6718	missing field(s) in `H`: b	constructor: H(a: List[T], b: T): Half[T]
D	arity_cascade.dawn	6713	6718	cannot infer type parameter(s) T for `H`	add a type annotation, e.g. let x: Half[...] = H
D	arity_cascade.dawn	7059	7063	`B` has no field `y`	constructor: B(x: T): Box[T]
D	arity_cascade.dawn	7057	7064	cannot infer type parameter(s) T for `B`	add a type annotation, e.g. let x: Box[...] = B
D	arity_cascade.dawn	7233	7240	`B` takes 1 field(s), got 2	constructor: B(x: T): Box[T]
D	arity_cascade.dawn	7233	7240	function `gc_extra` declares return type Int but its body is Box[Int]	
