D	arity_cascade.dawn	3171	3180	`One` takes 1 field(s), got 2	constructor: One(x: Int): Sum
D	arity_cascade.dawn	3275	3282	`Zero` takes 0 field(s), got 1	constructor: Zero: Sum
D	arity_cascade.dawn	3275	3282	function `c_bad` declares return type Int but its body is Sum	
D	arity_cascade.dawn	3384	3389	missing field(s) in `One`: x	constructor: One(x: Int): Sum
D	arity_cascade.dawn	3384	3389	function `c_missing_bad` declares return type Int but its body is Sum	
D	arity_cascade.dawn	3485	3493	`plain` takes 2 argument(s), got 1	signature: fn plain(a: Int, b: Int) -> Int
D	arity_cascade.dawn	3593	3601	`plain` takes 2 argument(s), got 1	signature: fn plain(a: Int, b: Int) -> Int
D	arity_cascade.dawn	3593	3601	function `f_bad` declares return type String but its body is Int	
D	arity_cascade.dawn	3724	3731	`f` takes 1 argument(s), got 2	type: fn(Int) -> Int
D	arity_cascade.dawn	3724	3731	function `v_bad` declares return type String but its body is Int	
D	arity_cascade.dawn	3849	3859	this function takes 1 argument(s), got 2	type: fn(Int) -> Int
D	arity_cascade.dawn	3849	3859	function `e_bad` declares return type String but its body is Int	
D	arity_cascade.dawn	3975	3984	`g` takes 1 argument(s), got 2	field type: fn(Int) -> Int
D	arity_cascade.dawn	3975	3984	function `fld_bad` declares return type String but its body is Int	
D	arity_cascade.dawn	4127	4138	`ident` takes 1 argument(s), got 2	signature: fn ident[T](x: T) -> T
D	arity_cascade.dawn	4167	4178	`ident` takes 1 argument(s), got 2	signature: fn ident[T](x: T) -> T
D	arity_cascade.dawn	4377	4385	`plain` takes 2 argument(s), got 1	signature: fn plain(a: Int, b: Int) -> Int
D	arity_cascade.dawn	4361	4387	function `blk_bad` declares return type String but its body is Int	
D	arity_cascade.dawn	4476	4477	function `ret_only` declares return type String but its body is Int	
D	arity_cascade.dawn	4660	4663	missing field(s) in `B`: x	constructor: B(x: T): Box[T]
D	arity_cascade.dawn	4660	4663	cannot infer type parameter(s) T for `B`	add a type annotation, e.g. let x: Box[...] = B
D	arity_cascade.dawn	4783	4786	missing field(s) in `B`: x	constructor: B(x: T): Box[T]
D	arity_cascade.dawn	4897	4900	missing field(s) in `P`: x	constructor: P(x: Int): Ph[T]
D	arity_cascade.dawn	4897	4900	cannot infer type parameter(s) T for `P`	add a type annotation, e.g. let x: Ph[...] = P
D	arity_cascade.dawn	4934	4938	cannot infer type parameter(s) T for `P`	add a type annotation, e.g. let x: Ph[...] = P
D	arity_cascade.dawn	5107	5114	`B` takes 1 field(s), got 2	constructor: B(x: T): Box[T]
D	arity_cascade.dawn	5107	5114	function `gc_extra` declares return type Int but its body is Box[Int]	
