D	arity_cascade.dawn	4418	4427	`One` takes 1 field(s), got 2	constructor: One(x: Int): Sum
D	arity_cascade.dawn	4522	4529	`Zero` takes 0 field(s), got 1	constructor: Zero: Sum
D	arity_cascade.dawn	4522	4529	function `c_bad` declares return type Int but its body is Sum	
D	arity_cascade.dawn	4631	4636	missing field(s) in `One`: x	constructor: One(x: Int): Sum
D	arity_cascade.dawn	4631	4636	function `c_missing_bad` declares return type Int but its body is Sum	
D	arity_cascade.dawn	4732	4740	`plain` takes 2 argument(s), got 1	signature: fn plain(a: Int, b: Int) -> Int
D	arity_cascade.dawn	4840	4848	`plain` takes 2 argument(s), got 1	signature: fn plain(a: Int, b: Int) -> Int
D	arity_cascade.dawn	4840	4848	function `f_bad` declares return type String but its body is Int	
D	arity_cascade.dawn	4971	4978	`f` takes 1 argument(s), got 2	type: fn(Int) -> Int
D	arity_cascade.dawn	4971	4978	function `v_bad` declares return type String but its body is Int	
D	arity_cascade.dawn	5274	5287	this function takes 1 argument(s), got 2	type: fn(Int) -> Int
D	arity_cascade.dawn	5274	5287	function `e_bad` declares return type String but its body is Int	
D	arity_cascade.dawn	5403	5412	`g` takes 1 argument(s), got 2	field type: fn(Int) -> Int
D	arity_cascade.dawn	5403	5412	function `fld_bad` declares return type String but its body is Int	
D	arity_cascade.dawn	5555	5566	`ident` takes 1 argument(s), got 2	signature: fn ident[T](x: T) -> T
D	arity_cascade.dawn	5595	5606	`ident` takes 1 argument(s), got 2	signature: fn ident[T](x: T) -> T
D	arity_cascade.dawn	5805	5813	`plain` takes 2 argument(s), got 1	signature: fn plain(a: Int, b: Int) -> Int
D	arity_cascade.dawn	5789	5815	function `blk_bad` declares return type String but its body is Int	
D	arity_cascade.dawn	5904	5905	function `ret_only` declares return type String but its body is Int	
D	arity_cascade.dawn	6067	6070	missing field(s) in `B`: x	constructor: B(x: T): Box[T]
D	arity_cascade.dawn	6190	6193	missing field(s) in `B`: x	constructor: B(x: T): Box[T]
D	arity_cascade.dawn	6304	6307	missing field(s) in `P`: x	constructor: P(x: Int): Ph[T]
D	arity_cascade.dawn	6304	6307	cannot infer type parameter(s) T for `P`	add a type annotation, e.g. let x: Ph[...] = P
D	arity_cascade.dawn	6341	6345	cannot infer type parameter(s) T for `P`	add a type annotation, e.g. let x: Ph[...] = P
D	arity_cascade.dawn	6525	6528	missing field(s) in `M`: a, b	constructor: M(a: T, b: Int): Mix[T, U]
D	arity_cascade.dawn	6525	6528	cannot infer type parameter(s) U for `M`	add a type annotation, e.g. let x: Mix[...] = M
D	arity_cascade.dawn	6703	6705	cannot infer the element type of an empty list	add a type annotation: let xs: List[Int] = []
D	arity_cascade.dawn	6701	6706	missing field(s) in `H`: b	constructor: H(a: List[T], b: T): Half[T]
D	arity_cascade.dawn	6701	6706	cannot infer type parameter(s) T for `H`	add a type annotation, e.g. let x: Half[...] = H
D	arity_cascade.dawn	7047	7051	`B` has no field `y`	constructor: B(x: T): Box[T]
D	arity_cascade.dawn	7045	7052	cannot infer type parameter(s) T for `B`	add a type annotation, e.g. let x: Box[...] = B
D	arity_cascade.dawn	7221	7228	`B` takes 1 field(s), got 2	constructor: B(x: T): Box[T]
D	arity_cascade.dawn	7221	7228	function `gc_extra` declares return type Int but its body is Box[Int]	
