D	assoc_effects.dawn	661	662	associated effect `E` is declared twice in trait `Dup`	
D	assoc_effects.dawn	915	916	trait `P` does not declare an associated effect `F`	it declares: E
D	assoc_effects.dawn	1055	1056	associated effect `E` is bound twice in this impl	
D	assoc_effects.dawn	1426	1427	an associated effect binds a ground row, and `!e` is not one	bind a declared effect, `!io`, or the empty row `!()`; an effect variable or a projection cannot be bound
D	assoc_effects.dawn	1568	1569	impl `P[D]` is missing `effect E`	bind it: `effect E = !<effect>` (or `!io`, or the empty row `!()`)
D	assoc_effects.dawn	1898	1900	`go` must write the effect(s) `Ask`: the trait's row (after this impl's bindings) carries them	each written effect is a hidden evidence parameter, so the labels are part of the method's shape; declare the method !Ask
D	assoc_effects.dawn	2041	2051	a projection's subject must be a type parameter in scope, and `Z` is not one	write `!T.E` where `T` is a `[T: SomeTrait]` parameter whose trait declares `effect E`
D	assoc_effects.dawn	2079	2088	no trait bound on `T` declares an associated effect `F`	the trait in the bound needs an `effect F` member
D	assoc_effects.dawn	2120	2129	`!T.E` is ambiguous: more than one bound declares `E`	rename the associated effect in one of the traits
