D	assoc_method_values.dawn	1079	1083	argument type mismatch: expected fn(A) -> List[Ev], got fn(A) -> A.View	signature: fn rigid[A: App](a: A, vw: fn(A) -> List[Ev]) -> List[Ev]
D	assoc_method_values.dawn	1125	1131	argument type mismatch: expected fn(C, Int) -> C, got fn(C, Ev) -> C	signature: fn serve[Mo, E](m: Mo, up: fn(Mo, E) -> Mo, vw: fn(Mo) -> List[E]) -> List[E]
D	assoc_method_values.dawn	1133	1137	argument type mismatch: expected fn(C) -> List[Int], got fn(C) -> List[Ev]	signature: fn serve[Mo, E](m: Mo, up: fn(Mo, E) -> Mo, vw: fn(Mo) -> List[E]) -> List[E]
