D	binary_ops.dawn	104	108	arithmetic expects numbers, left side is Bool	
D	binary_ops.dawn	140	141	both sides must have the same type: Int vs Float	there are no implicit conversions; use to_float() (M1) or unify the literal types
D	binary_ops.dawn	174	178	bitwise operators expect Int, left side is Bool	
D	binary_ops.dawn	216	220	bitwise operators expect Int, right side is Bool	
D	binary_ops.dawn	260	262	`++` needs lists of the same element type: List[Int] vs List[String]	
D	binary_ops.dawn	300	302	`++` concatenates Strings, Bytes or Lists, got Int ++ Int	use + for numbers; interpolation "${x}${y}" also builds strings
D	binary_ops.dawn	330	332	== requires both sides to have the same type: Int vs String	
D	binary_ops.dawn	363	364	comparison requires both sides to have the same type: Int vs String	
D	binary_ops.dawn	400	401	logical operators expect Bool, left side is Int	
D	binary_ops.dawn	450	451	logical operators expect Bool, right side is Int	
