D	bounds.dawn	102	116	duplicate trait bound on `T`	
D	bounds.dawn	157	161	unknown trait: Nope	declare `trait Nope[T] { ... }` or import it first
D	bounds.dawn	188	195	duplicate type parameter names	
D	bounds.dawn	266	267	no impl of `Mine` for `Free`	define `impl Mine[Free] { ... }` in the module declaring `Free` or `Mine`
D	bounds.dawn	306	307	`m` requires `Mine[T]`, but `T` has no such bound	add the bound: [T: Mine]
