D	bounds.dawn	98	112	duplicate trait bound on `T`	
D	bounds.dawn	153	157	unknown trait: Nope	declare `trait Nope[T] { ... }` or import it first
D	bounds.dawn	184	191	duplicate type parameter names	
D	bounds.dawn	260	261	no impl of `Mine` for `Free`	define `impl Mine[Free] { ... }` in the module declaring `Free` or `Mine`
D	bounds.dawn	300	301	`m` requires `Mine[T]`, but `T` has no such bound	add the bound: [T: Mine]
