D	bracket_effects.dawn	1086	1093	`label_undeclared` uses the effect `Ask`, but its signature does not declare !Ask	add !Ask to the signature, or answer it here with `with handle Ask { ... }`
D	bracket_effects.dawn	1152	1159	function `use_impure` is not declared !io but calls `bracket` (!io)	add !io to the end of the signature, or remove the call
D	bracket_effects.dawn	1236	1243	function `release_impure` is not declared !io but calls `bracket` (!io)	add !io to the end of the signature, or remove the call
D	bracket_effects.dawn	1446	1457	function `caught_panic` is not declared !io but calls `catch_panic` (!io)	add !io to the end of the signature, or remove the call
