D	bracket_effects.dawn	1034	1041	`label_undeclared` uses the effect `Ask`, but its signature does not declare !Ask	add !Ask to the signature, or answer it here with `with handle Ask { ... }`
D	bracket_effects.dawn	1100	1107	function `use_impure` is not declared !io but calls `bracket` (!io)	add !io to the end of the signature, or remove the call
D	bracket_effects.dawn	1184	1191	function `release_impure` is not declared !io but calls `bracket` (!io)	add !io to the end of the signature, or remove the call
D	bracket_effects.dawn	1398	1409	function `caught_panic` is not declared !io but calls `catch_panic` (!io)	add !io to the end of the signature, or remove the call
D	bracket_effects.dawn	1475	1486	function `caught_fault` is not declared !io but calls `catch_fault` (!io)	add !io to the end of the signature, or remove the call
