D	builtin_redefine.dawn	83	86	`Int` is a builtin type and cannot be redefined	
D	builtin_redefine.dawn	104	108	`List` is a builtin type and cannot be redefined	
D	builtin_redefine.dawn	125	129	`Bool` is a builtin type and cannot be an effect name	
D	builtin_redefine.dawn	157	163	`String` is a builtin type and cannot be a trait name	
