D	entry.dawn	565	571	`caller()` can only be the whole default value of a parameter	declare `at: Loc = caller()` on the function, and pass `at` on to what reports the failure
D	entry.dawn	389	395	`caller()` can only be the whole default value of a parameter	declare `at: Loc = caller()` on the function, and pass `at` on to what reports the failure
D	entry.dawn	458	464	`caller()` can only be the whole default value of a parameter	declare `at: Loc = caller()` on the function, and pass `at` on to what reports the failure
D	entry.dawn	496	502	`caller` cannot be used as a value	write `at: Loc = caller()` as a parameter's default, or call `loc.here()` for the site of a call
D	entry.dawn	525	533	parameter `s` is String but its default value is Loc	
