D	calls.dawn	140	141	`x` is not a function (it is Int)	
D	calls.dawn	176	184	`plain` takes 2 argument(s), got 1	signature: fn plain(a: Int, b: Int) -> Int
D	calls.dawn	223	226	argument type mismatch: expected Int, got String	signature: fn plain(a: Int, b: Int) -> Int
D	calls.dawn	255	261	undefined function: nosuch	
D	calls.dawn	314	317	argument type mismatch: expected Int, got String	type: fn(Int) -> Int
D	calls.dawn	367	374	`f` takes 1 argument(s), got 2	type: fn(Int) -> Int
D	calls.dawn	429	430	`g` is not a function (it is Int)	
D	calls.dawn	538	542	`len` has no parameter `n`	signature: fn len[T](xs: List[T]) -> Int
