D	catch_effects.dawn	3400	3411	`label_undeclared` uses the effect `Ask`, but its signature does not declare !Ask	add !Ask to the signature, or answer it here with `with handle Ask { ... }`
D	catch_effects.dawn	3605	3616	function `pure_caller_panic` is not declared !io but calls `catch_panic` (!io)	add !io to the end of the signature, or remove the call
D	catch_effects.dawn	3983	3994	function `panic_io_undeclared` is not declared !(Ask|io) but calls `catch_panic` (!(Ask|io))	add !(Ask|io) to the end of the signature, or remove the call
