D	catch_effects.dawn	3352	3363	`label_undeclared` uses the effect `Ask`, but its signature does not declare !Ask	add !Ask to the signature, or answer it here with `with handle Ask { ... }`
D	catch_effects.dawn	4312	4323	`panic_label_undeclared` uses the effect `Ask`, but its signature does not declare !Ask	add !Ask to the signature, or answer it here with `with handle Ask { ... }`
