D	catch_effects.dawn	1871	1882	`label_undeclared` uses the effect `Ask`, but its signature does not declare !Ask	add !Ask to the signature, or answer it here with `with handle Ask { ... }`
D	catch_effects.dawn	2068	2079	function `pure_caller` is not declared !io but calls `catch_fault` (!io)	add !io to the end of the signature, or remove the call
D	catch_effects.dawn	2150	2161	function `pure_caller_panic` is not declared !io but calls `catch_panic` (!io)	add !io to the end of the signature, or remove the call
D	catch_effects.dawn	2421	2432	function `io_undeclared` is not declared !(Ask|io) but calls `catch_fault` (!(Ask|io))	add !(Ask|io) to the end of the signature, or remove the call
