D	comptime.dawn	129	164	`with handle` is not available at compile time	comptime blocks and const initializers are pure in v1 (docs/effects-design.md §4.5)
D	comptime.dawn	199	219	a comptime result must be constant-serializable, got fn() -> Int	Int/Float/Bool/String/Unit and List/tuple/record/ADT values of them (spec §7.2)
