D	continuation_row.dawn	2339	2350	function `drop_caught` is not declared !io but calls `catch_fault` (!io)	add !io to the end of the signature, or remove the call
D	continuation_row.dawn	2662	2663	function `pure_frame_resumes` is not declared !io but calls `k` (!io)	add !io to the end of the signature, or remove the call
D	continuation_row.dawn	2979	2980	field `k` of `Waiting` is fn(Int) -> Held, got fn(Int) -> Held !io	constructor: Waiting(k: fn(Int) -> Held): Held
D	continuation_row.dawn	3473	3475	field `k` of `Waiting` is fn(Int) -> Held, got fn(Int) -> Held !io	constructor: Waiting(k: fn(Int) -> Held): Held
D	continuation_row.dawn	3418	3419	field `k` of `Waiting` is fn(Int) -> Held, got fn(Int) -> Held !io	constructor: Waiting(k: fn(Int) -> Held): Held
D	continuation_row.dawn	4067	4070	function `variable_remainder` is not declared !io but calls `ask` (!io)	add !io to the end of the signature, or remove the call
