D	coverage_exact.dawn	481	494	cannot infer type parameter(s) T for `phantom_value` used as a value	wrap it in a lambda with annotated parameters
D	coverage_exact.dawn	581	588	cannot infer type parameter(s) T for `Phantom` used as a value	annotate the surrounding context, or wrap it in a lambda
D	coverage_exact.dawn	684	691	`Generic` takes 1 field(s), but fn(Int, Int) -> Generic[Int] is expected	constructor: Generic(value: T): Generic[T]
D	coverage_exact.dawn	395	402	method `wrong` declares return type Int but its default body is String	
