D	calc.dawn	206	209	`dbg` cannot be used in package `corpus_dbg_lib`, which is loaded through [deps]	`dbg` is for debugging a program locally; remove it from the package, or debug the package as a project of its own
D	calc.dawn	253	256	`dbg` cannot be used in package `corpus_dbg_lib`, which is loaded through [deps]	`dbg` is for debugging a program locally; remove it from the package, or debug the package as a project of its own
D	entry.dawn	405	408	`dbg` cannot be used as a value	call it where the value is, `dbg(e)` or `e |> dbg`, or wrap it in a lambda: (x) => dbg(x)
