D	default_params.dawn	1117	1118	effect operations do not take parameter defaults	take the argument explicitly at every call
D	default_params.dawn	1073	1074	trait methods do not take parameter defaults	wrap the trait method in a function that has one
D	default_params.dawn	1239	1240	impl methods do not take parameter defaults	calls dispatch through the trait's signature
D	default_params.dawn	510	513	a parameter default must be pure, but it calls `eff` (!io)	the default runs at every call that omits the argument; take the argument explicitly, or drop the effect
D	default_params.dawn	928	929	undefined variable: a	
D	default_params.dawn	1017	1020	parameter `a` is Int but its default value is String	
D	default_params.dawn	1422	1434	missing argument(s) for `mix`: c	signature: fn mix(a: Int, b: Int = ..., c: Int) -> Int
