D	default_params.dawn	1372	1373	effect operations do not take parameter defaults	take the argument explicitly at every call
D	default_params.dawn	1328	1329	trait methods do not take parameter defaults	wrap the trait method in a function that has one
D	default_params.dawn	1494	1495	impl methods do not take parameter defaults	calls dispatch through the trait's signature
D	default_params.dawn	518	521	a parameter default must be pure, but it calls `eff` (!io)	the default runs at every call that omits the argument; take the argument explicitly, or drop the effect
D	default_params.dawn	1121	1122	the default of parameter `a` refers to `a` itself	a default is the value `a` takes when the argument is omitted, so `a` has no value yet; a default sees only the parameters declared before it
D	default_params.dawn	1171	1173	the default of parameter `lo` refers to `hi`, which is declared after it	defaults are evaluated in declaration order and see only the parameters declared before them; declare `hi` before `lo`, or pass `lo` explicitly
D	default_params.dawn	1272	1275	parameter `a` is Int but its default value is String	
D	default_params.dawn	1677	1689	missing argument(s) for `mix`: c	signature: fn mix(a: Int, b: Int = 1, c: Int) -> Int
