D	derive_decl.dawn	88	92	`Nope` is not a derivable trait	the derivable traits are Ord, Show, a closed list: derive cannot mint an impl of any other trait
D	derive_decl.dawn	62	66	cannot derive Show for `Boxed`: field `f` of type fn() -> Int is not printable	a field needs an `impl Show` (or one of the type's own parameters)
