D	effect_settle.dawn	737	748	annotated type is fn() -> Int but the initializer is fn() -> Int !io	
D	effect_settle.dawn	1093	1104	annotated type is fn() -> Int but the initializer is fn() -> Int !io	
D	effect_settle.dawn	1455	1472	annotated type is fn() -> Int but the initializer is fn() -> Int !Ask	
D	effect_settle.dawn	1949	1950	field `f` of `Box` is fn() -> Int, got fn() -> Int !Ask	constructor: Box { f: fn() -> Int }
