D	effect_params_decl.dawn	446	463	effect variable `e` has no binder here	bind it in the declaration's parameter list -- `[!e]` -- or write !io, or leave the function type pure
D	effect_params_decl.dawn	575	592	effect variable `b` has no binder here	bind it in the declaration's parameter list -- `[!b]` -- or write !io, or leave the function type pure
D	effect_params_decl.dawn	490	507	effect variable `e` has no binder here	bind it in the declaration's parameter list -- `[!e]` -- or write !io, or leave the function type pure
D	effect_params_decl.dawn	989	1009	unknown effect `Nope`	declare it with `effect Nope { ... }` (or import it); effect variables are lowercase
