D	effect_row_verify.dawn	1009	1010	`as_value` uses the effect `Leak`, but its signature does not declare !Leak	add !Leak to the signature, or answer it here with `with handle Leak { ... }`
D	effect_row_verify.dawn	1856	1879	field `run` of `Thunk` is fn() -> Int, got fn() -> Int !Leak	constructor: Thunk { run: fn() -> Int }
D	effect_row_verify.dawn	2282	2285	`undeclared` uses the effect `Leak`, but its signature does not declare !Leak	add !Leak to the signature, or answer it here with `with handle Leak { ... }`
