D	effect_settle.dawn	741	752	annotated type is fn() -> Int but the initializer is fn() -> Int !io	
D	effect_settle.dawn	1097	1108	annotated type is fn() -> Int but the initializer is fn() -> Int !io	
D	effect_settle.dawn	1459	1476	annotated type is fn() -> Int but the initializer is fn() -> Int !Ask	
D	effect_settle.dawn	1953	1954	field `f` of `Box` is fn() -> Int, got fn() -> Int !Ask	constructor: Box { f: fn() -> Int }
