D	effect_params_decl.dawn	446	463	effect variable `e` has no binder here	bind it in the declaration's parameter list -- `[!e]` -- or write !io, or leave the function type pure
D	effect_params_decl.dawn	575	592	effect variable `b` has no binder here	bind it in the declaration's parameter list -- `[!b]` -- or write !io, or leave the function type pure
D	effect_params_decl.dawn	762	781	a type declaration cannot name the effect `Ask`	write !io, or leave the function type pure: a declared effect belongs to the signature that raises it, and the handler travels with the closure
D	effect_params_decl.dawn	989	1009	a type declaration cannot name the effect `Nope`	write !io, or leave the function type pure: a declared effect belongs to the signature that raises it, and the handler travels with the closure
D	effect_params_decl.dawn	490	507	effect variable `e` has no binder here	bind it in the declaration's parameter list -- `[!e]` -- or write !io, or leave the function type pure
D	effect_params_decl.dawn	813	832	a type declaration cannot name the effect `Ask`	write !io, or leave the function type pure: a declared effect belongs to the signature that raises it, and the handler travels with the closure
