D	effect_escape.dawn	390	401	annotated type is fn() -> Int !io but the initializer is fn() -> Int !Ask	
D	effect_escape.dawn	404	405	function `via_let` is not declared !io but calls `g` (!io)	add !io to the end of the signature, or remove the call
D	effect_escape.dawn	661	672	function `via_return` declares return type fn() -> Int !io but its body is fn() -> Int !Ask	
D	effect_escape.dawn	740	751	`g` is fn() -> Int !io, cannot assign fn() -> Int !Ask	
D	effect_escape.dawn	754	755	function `via_assign` is not declared !io but calls `g` (!io)	add !io to the end of the signature, or remove the call
D	effect_escape.dawn	1330	1341	annotated type is fn() -> Int but the initializer is fn() -> Int !io	
