D	effect_row_subtract.dawn	3081	3123	argument type mismatch: expected fn() -> Int !(e|io), got fn() -> Int !(Tell|io)	`e` occurs in parameter `u` as `!e`, without `!io`, so which row it binds to is observable there; spell this parameter's row as `!e` alone (`fn() -> Int !e`); the variable then takes the closure's whole row
D	effect_row_subtract.dawn	3321	3367	argument type mismatch: expected fn() -> Int !(e|io), got fn() -> Int !(Tell|io)	`e` occurs in the declared row as `!e`, without `!io`, so which row it binds to is observable there; spell this parameter's row as `!e` alone (`fn() -> Int !e`); the variable then takes the closure's whole row
D	effect_row_subtract.dawn	3699	3746	argument type mismatch: expected fn() -> Int !(e1|e2|io), got fn() -> Int !(Tell|io)	signature: fn go_two[!e1, !e2](f: fn() -> Int !(e1|e2|io)) -> Int !(e1|e2|io)
D	effect_row_subtract.dawn	4074	4090	argument type mismatch: expected fn() -> Int !(e|io), got fn() -> Int !Tell	`!io` is not part of the argument's row; spell this parameter's row as `!e` alone (`fn() -> Int !e`); the variable then takes the closure's whole row
