D	effect_params_carry.dawn	1439	1464	`!e` is bound by a type declaration and cannot carry !Ask	a declaration's effect parameter has no evidence slot, so only pure and !io travel through it; bind the variable on the function that runs the closure instead -- `fn f(g: fn() -> Int !e) -> Int !e`
D	effect_params_carry.dawn	1544	1562	`!e` is bound by a type declaration and cannot carry !Ask	a declaration's effect parameter has no evidence slot, so only pure and !io travel through it; bind the variable on the function that runs the closure instead -- `fn f(g: fn() -> Int !e) -> Int !e`
D	effect_params_carry.dawn	1749	1766	`!e` is bound by a type declaration and cannot carry !Ask	a declaration's effect parameter has no evidence slot, so only pure and !io travel through it; bind the variable on the function that runs the closure instead -- `fn f(g: fn() -> Int !e) -> Int !e`
D	effect_params_carry.dawn	1943	1955	`!e` is bound by a type declaration and cannot carry !r	a declaration's effect parameter has no evidence slot, so only pure and !io travel through it; bind the variable on the function that runs the closure instead -- `fn f(g: fn() -> Int !e) -> Int !e`
