D	effect_fn_value_supply.dawn	2147	2148	`before` uses the effect `Ask`, but its signature does not declare !Ask	add !Ask to the signature, or answer it here with `with handle Ask { ... }`
D	effect_fn_value_supply.dawn	2618	2619	`created_under` uses the effect `Ask`, but its signature does not declare !Ask	add !Ask to the signature, or answer it here with `with handle Ask { ... }`
D	effect_fn_value_supply.dawn	3291	3298	`unsupplied_through` uses the effect `Ask`, but its signature does not declare !Ask	add !Ask to the signature, or answer it here with `with handle Ask { ... }`
