D	effect_escape.dawn	191	202	annotated type is fn() -> Int !io but the initializer is fn() -> Int !Ask	
D	effect_escape.dawn	205	206	function `via_let` is not declared !io but calls `g` (!io)	add !io to the end of the signature, or remove the call
D	effect_escape.dawn	248	251	`via_return` uses the effect `Ask`, but its signature does not declare !Ask	add !Ask to the signature, or answer it here with `with handle Ask { ... }`
D	effect_escape.dawn	242	253	function `via_return` declares return type fn() -> Int !io but its body is fn() -> Int !Ask	
D	effect_escape.dawn	321	332	`g` is fn() -> Int !io, cannot assign fn() -> Int !Ask	
D	effect_escape.dawn	335	336	function `via_assign` is not declared !io but calls `g` (!io)	add !io to the end of the signature, or remove the call
