D	effect_use.dawn	128	131	`undeclared` uses the effect `Ask`, but its signature does not declare !Ask	add !Ask to the signature, or answer it here with `with handle Ask { ... }`
D	effect_use.dawn	171	178	function `io_undeclared` is not declared !io but calls `println` (!io)	add !io to the end of the signature, or remove the call
