D	effect_fn_type_label.dawn	1322	1338	a type declaration cannot carry an effect row	write !io, or leave the function type pure: an effect variable has no binder here, and a declared effect belongs to the signature that raises it
D	effect_fn_type_label.dawn	1360	1376	a type declaration cannot carry an effect row	write !io, or leave the function type pure: an effect variable has no binder here, and a declared effect belongs to the signature that raises it
D	effect_fn_type_label.dawn	312	328	a function type cannot name the effect `Ask`	use an effect variable: `fn() -> Int !e` accepts a closure that raises `Ask` and carries it on into this signature's own row. A written label would mean the caller supplies the handler, and in Dawn a closure carries the handler it was created under (docs/spec.md §6.5)
D	effect_fn_type_label.dawn	382	398	a function type cannot name the effect `Ask`	use an effect variable: `fn() -> Int !e` accepts a closure that raises `Ask` and carries it on into this signature's own row. A written label would mean the caller supplies the handler, and in Dawn a closure carries the handler it was created under (docs/spec.md §6.5)
D	effect_fn_type_label.dawn	584	600	a function type cannot name the effect `Ask`	use an effect variable: `fn() -> Int !e` accepts a closure that raises `Ask` and carries it on into this signature's own row. A written label would mean the caller supplies the handler, and in Dawn a closure carries the handler it was created under (docs/spec.md §6.5)
D	effect_fn_type_label.dawn	612	628	a function type cannot name the effect `Ask`	use an effect variable: `fn() -> Int !e` accepts a closure that raises `Ask` and carries it on into this signature's own row. A written label would mean the caller supplies the handler, and in Dawn a closure carries the handler it was created under (docs/spec.md §6.5)
D	effect_fn_type_label.dawn	467	483	a function type cannot name the effect `Ask`	use an effect variable: `fn() -> Int !e` accepts a closure that raises `Ask` and carries it on into this signature's own row. A written label would mean the caller supplies the handler, and in Dawn a closure carries the handler it was created under (docs/spec.md §6.5)
