D	effect_escape.dawn	386	397	annotated type is fn() -> Int !io but the initializer is fn() -> Int !Ask	
D	effect_escape.dawn	400	401	function `via_let` is not declared !io but calls `g` (!io)	add !io to the end of the signature, or remove the call
D	effect_escape.dawn	443	446	`via_return` uses the effect `Ask`, but its signature does not declare !Ask	add !Ask to the signature, or answer it here with `with handle Ask { ... }`
D	effect_escape.dawn	437	448	function `via_return` declares return type fn() -> Int !io but its body is fn() -> Int !Ask	
D	effect_escape.dawn	516	527	`g` is fn() -> Int !io, cannot assign fn() -> Int !Ask	
D	effect_escape.dawn	530	531	function `via_assign` is not declared !io but calls `g` (!io)	add !io to the end of the signature, or remove the call
D	effect_escape.dawn	1106	1117	annotated type is fn() -> Int but the initializer is fn() -> Int !io	
