D	effect_empty_row.dawn	1752	1784	argument type mismatch: expected fn() -> Int, got fn() -> Int !io	signature: fn takes_pure(f: fn() -> Int) -> Int
D	effect_empty_row.dawn	1885	1917	argument type mismatch: expected fn() -> Int, got fn() -> Int !io	signature: fn takes_thunk(t: fn() -> Int) -> Int
D	effect_empty_row.dawn	2072	2083	argument type mismatch: expected fn() -> Int, got fn() -> Int !Ask	signature: fn takes_thunk(t: fn() -> Int) -> Int
D	effect_empty_row.dawn	2178	2185	function `body_refused` is not declared !io but calls `println` (!io)	add !io to the end of the signature, or remove the call
