D	effect_supply.dawn	1322	1333	annotated type is fn() -> Int but the initializer is fn() -> Int !Ask	
D	effect_supply.dawn	1709	1720	annotated type is fn() -> Int but the initializer is fn() -> Int !Ask	
D	effect_supply.dawn	2178	2195	annotated type is fn() -> Int but the initializer is fn() -> Int !Ask	
D	effect_supply.dawn	2678	2679	field `f` of `Box` is fn() -> Int, got fn() -> Int !Ask	constructor: Box { f: fn() -> Int }
D	effect_supply.dawn	2951	2952	`unsupplied` uses the effect `Ask`, but its signature does not declare !Ask	add !Ask to the signature, or answer it here with `with handle Ask { ... }`
