D	effect_row_verify.dawn	776	782	`raises` raises !Leak and cannot be used as a value	wrap it in a lambda: () => raises()
D	effect_row_verify.dawn	1471	1494	field `run` of `Thunk` is fn() -> Int, got fn() -> Int !io	constructor: Thunk { run: fn() -> Int }
D	effect_row_verify.dawn	1917	1921	`undeclared` uses the effect `Leak`, but its signature does not declare !Leak	add !Leak to the signature, or answer it here with `with handle Leak { ... }`
