D	effect_atom_table.dawn	492	503	`String` is a builtin type, not an effect	an effect row names declared effects, `io`, and lowercase effect variables
D	effect_atom_table.dawn	529	538	`T` is a type parameter, not an effect	an effect row names declared effects, `io`, and lowercase effect variables
D	effect_atom_table.dawn	564	581	`Point` is a type, not an effect	an effect row names declared effects, `io`, and lowercase effect variables
D	effect_atom_table.dawn	606	617	unknown effect `Missing`	declare it with `effect Missing { ... }` (or import it); effect variables are lowercase
