D	effect_row_widen.dawn	1720	1760	argument type mismatch: expected fn() -> Int !io, got fn() -> Int !(io|r)	signature: fn take_io(f: fn() -> Int !io) -> Int !io
D	effect_row_widen.dawn	1977	2017	annotated type is fn() -> Int !io but the initializer is fn() -> Int !(io|r)	
D	effect_row_widen.dawn	2106	2115	function `return_widen` declares return type fn() -> Int !io but its body is fn() -> Int !r	
