D	effect_row_subtract.dawn	2568	2610	argument type mismatch: expected fn() -> Int !(e|io), got fn() -> Int !(Tell|io)	`e` occurs in parameter `u` as `!e`, without `!io`, so which row it binds to is observable there; spell this parameter's row as `!e` alone (`fn() -> Int !e`); the variable then takes the closure's whole row
D	effect_row_subtract.dawn	2808	2854	argument type mismatch: expected fn() -> Int !(e|io), got fn() -> Int !(Tell|io)	`e` occurs in the declared row as `!e`, without `!io`, so which row it binds to is observable there; spell this parameter's row as `!e` alone (`fn() -> Int !e`); the variable then takes the closure's whole row
D	effect_row_subtract.dawn	3186	3233	argument type mismatch: expected fn() -> Int !(e1|e2|io), got fn() -> Int !(Tell|io)	signature: fn go_two[!e1, !e2](f: fn() -> Int !(e1|e2|io)) -> Int !(e1|e2|io)
D	effect_row_subtract.dawn	3561	3577	argument type mismatch: expected fn() -> Int !(e|io), got fn() -> Int !Tell	`!io` is not part of the argument's row; spell this parameter's row as `!e` alone (`fn() -> Int !e`); the variable then takes the closure's whole row
