D	fixed_int_folds.dawn	396	399	the literal `300` cannot be a `U8`: out of range for U8: 300	
D	fixed_int_folds.dawn	401	403	the literal `-1` cannot be a `U8`: out of range for U8: -1	
D	fixed_int_folds.dawn	405	409	the literal `-129` cannot be a `I8`: out of range for I8: -129	
D	fixed_int_folds.dawn	411	414	the literal `128` cannot be a `I8`: out of range for I8: 128	
D	fixed_int_folds.dawn	440	442	the literal `-1` cannot be a `U64`: out of range for U64: -1	
