D	fn_field.dawn	189	192	`run` is both a function in scope and a fn-typed field of `Rec` — ambiguous call	for the field, bind it first: `let g = <recv>.run` then `g(...)`; for the function, call it directly: `run(<recv>, ...)`
D	fn_field.dawn	233	245	`only` takes 1 argument(s), got 2	field type: fn(Int) -> Int
D	fn_field.dawn	288	291	argument type mismatch: expected Int, got String	
