D	fn_namespace.dawn	287	293	operation `shared` is already a function in this module	operations and functions share one namespace; rename one
D	fn_namespace.dawn	372	381	trait method `as_method` collides with a function of the same name	
D	fn_namespace.dawn	449	454	`owned` is already a method of trait `Owner` (trait methods share the function namespace)	
D	fn_namespace.dawn	503	508	function `twice` is defined twice	
