D	fn_value_bounds.dawn	830	839	cannot infer the type parameter(s) of `to_string` used as a value here	wrap it in a lambda with annotated parameters: (x: Int) => to_string(x)
D	fn_value_bounds.dawn	971	980	no impl of `Show` for `Box`	define `impl Show[Box] { ... }` in the module declaring `Box` or `Show`
D	fn_value_bounds.dawn	1194	1197	effect operation `get` raises !Ask and cannot be used as a value	wrap it in a lambda: () => get()
