D	function_value_arity.dawn	580	582	effect operation `op` supports at most 8 parameters, but declares 9	group parameters in a record; control handlers also take a continuation
D	function_value_arity.dawn	695	702	effect operation `suspend` supports at most 7 parameters, but declares 8	group parameters in a record; control handlers also take a continuation
D	function_value_arity.dawn	160	214	function values support at most 8 parameters, but this value has 9	group parameters in a record or use a direct named function call
D	function_value_arity.dawn	383	387	function values support at most 8 parameters, but this value has 9	group parameters in a record or use a direct named function call
D	function_value_arity.dawn	438	551	function values support at most 8 parameters, but this value has 9	group parameters in a record or use a direct named function call
D	function_value_arity.dawn	909	964	function values support at most 8 parameters, but this value has 9	group parameters in a record or use a direct named function call
D	function_value_arity.dawn	967	971	function values support at most 8 parameters, but this value has 9	group parameters in a record or use a direct named function call
