D	handler_cells.dawn	557	574	handler state cells are not yet supported	`var` inside a handler's braces parses, but the checker does not implement it yet (docs/handler-state-design.md §4)
D	handler_cells.dawn	588	592	undefined variable: seen	did you mean `len`?
D	handler_cells.dawn	663	680	handler state cells are not yet supported	`var` inside a handler's braces parses, but the checker does not implement it yet (docs/handler-state-design.md §4)
D	handler_cells.dawn	685	711	handler state cells are not yet supported	`var` inside a handler's braces parses, but the checker does not implement it yet (docs/handler-state-design.md §4)
D	handler_cells.dawn	725	729	undefined variable: seen	did you mean `len`?
