D	handlers.dawn	169	173	unknown effect `Nope`	
D	handlers.dawn	250	254	`nope` is not an operation of effect `Ask`	
D	handlers.dawn	375	378	operation `get` is answered twice	
D	handlers.dawn	461	464	handler for `Ask` does not answer `put`	a handler answers every operation its effect declares
D	handlers.dawn	542	545	arm `get` takes 2 parameter(s), but operation `get` declares 0	the arm is the operation's body: fn() -> Int
D	handlers.dawn	546	547	cannot infer the type of `a`	annotate it: (a: Int) => ...
D	handlers.dawn	549	550	cannot infer the type of `b`	annotate it: (b: Int) => ...
D	handlers.dawn	651	654	arm `get` returns String but operation `get` declares Int	
