D	handler_resume.dawn	980	988	`resume` arms are not available in this compiler	binding the continuation makes this a control arm, and one-shot resumption is not implemented yet (docs/oneshot-design.md); without the `resume k` clause the arm is tail-resumptive
D	handler_resume.dawn	1180	1188	`resume` arms are not available in this compiler	binding the continuation makes this a control arm, and one-shot resumption is not implemented yet (docs/oneshot-design.md); without the `resume k` clause the arm is tail-resumptive
D	handler_resume.dawn	1509	1517	`resume` arms are not available in this compiler	binding the continuation makes this a control arm, and one-shot resumption is not implemented yet (docs/oneshot-design.md); without the `resume k` clause the arm is tail-resumptive
D	handler_resume.dawn	1682	1701	`resume` arms are not available in this compiler	binding the continuation makes this a control arm, and one-shot resumption is not implemented yet (docs/oneshot-design.md); without the `resume continuation` clause the arm is tail-resumptive
