D	handler_cells_escape.dawn	673	677	`seen` is a handler state cell and cannot be captured by a lambda	a state cell is reachable only from the arms and the block remainder of its `with handle`; pass its value in, or hand a value back instead
D	handler_cells_escape.dawn	1022	1026	`seen` cannot cross the closure `with` introduced	everything after `with` is that closure's body, which is outside the `with handle` that declares the cell; read the cell before the `with`
D	handler_cells_escape.dawn	1263	1267	`seen` is a handler state cell and cannot be captured by a lambda	a state cell is reachable only from the arms and the block remainder of its `with handle`; pass its value in, or hand a value back instead
D	handler_cells_escape.dawn	1461	1466	`outer` belongs to another handler's `with handle` and cannot be used from this arm	a state cell is reachable only from the arms and the block remainder of the `with handle` that declares it
D	handler_cells_escape.dawn	1567	1571	undefined variable: seen	did you mean `len`?
D	handler_cells_escape.dawn	1751	1755	annotated type is Int but the initializer is String	
