D	header_repeats.dawn	724	728	method `size` is implemented twice in this impl	
D	header_repeats.dawn	458	462	function `twin` is defined twice	
D	header_repeats.dawn	516	521	function `wider` is defined twice	
D	header_repeats.dawn	580	585	constant `LIMIT` is defined twice	
D	header_repeats.dawn	711	718	function `size` declares return type Int but its body is String	
