D	impl_decl.dawn	122	126	unknown trait: Nope	declare `trait Nope[T] { ... }` or import it first
D	impl_decl.dawn	174	178	duplicate type parameter names	
D	impl_decl.dawn	179	182	`Sub` cannot be an impl subject	the subject applies 0 argument(s) but the impl declares 2; a subject is a type constructor applied to this impl's own parameters, as in `impl[T: Eq] Eq[List[T]]`
D	impl_decl.dawn	308	312	duplicate impl: `Mine[Int]` is already implemented	the program allows one impl per trait and type
D	impl_decl.dawn	431	433	associated type `It` is bound twice in this impl	
D	impl_decl.dawn	448	452	trait `Mine` does not declare an associated type `Nope`	it declares: It
D	impl_decl.dawn	490	491	method `m` is implemented twice in this impl	
D	impl_decl.dawn	516	522	trait `Mine` has no method `absent`	
D	impl_decl.dawn	396	400	impl `Mine[Sub]` is missing `n`	provide: fn n(x: Sub) -> Int
