D	entry.dawn	126	129	module `lib` is imported more than once	
D	entry.dawn	143	146	module `lib` is imported more than once	
D	entry.dawn	160	163	module `lib` is imported more than once	
D	entry.dawn	114	120	`secret` is private to module `lib`	add `pub` to its declaration in lib
D	entry.dawn	131	137	module `lib` has no exported name `nosuch`	
D	entry.dawn	148	154	`Hidden` is private to module `lib`	add `pub` to its declaration in lib
D	entry.dawn	165	169	module `lib` has no exported name `Nope`	
D	entry.dawn	188	193	module alias `m` is imported from two modules (`lib` and `other`)	rename with selective imports, or reorganize the modules
D	entry.dawn	203	219	no bundled std module `std/nosuchmodule`	bundled modules: std/bytes, std/char, std/cursor, std/fmt, std/hamt, std/io, std/list, std/map, std/pvec, std/set, std/str
