D	infer_order_duplicate.dawn	225	229	function `twin` is defined twice	
D	infer_order_duplicate.dawn	162	167	annotated type is Int but the initializer is String	
D	infer_order_duplicate.dawn	205	210	annotated type is Int but the initializer is String	
D	infer_order_duplicate.dawn	251	258	annotated type is Int but the initializer is String	
