D	infer_gaps.dawn	111	120	cannot infer the return type of `recursive`: it is recursive (directly or mutually)	declare it: fn recursive(...) -> T = ...
D	infer_gaps.dawn	98	100	cannot infer the element type of an empty list	add a type annotation: let xs: List[Int] = []
D	infer_gaps.dawn	215	219	constructor `Some` has 1 field(s) and cannot be used bare	constructor: Some(value: T): Option[T]
