D	infer_value.dawn	181	186	cannot infer the type parameter(s) of `ident` used as a value here	wrap it in a lambda with annotated parameters: (x: Int) => ident(x)
D	infer_value.dawn	254	258	annotated type is fn(Int) -> Int but the initializer is fn(Int) -> Option[Int]	
D	infer_value.dawn	310	314	cannot infer type parameter(s) T for `None`	add a type annotation, e.g. let x: Option[...] = None
