D	infer_order_chain.dawn	426	433	annotated type is Int but the initializer is String	
D	infer_order_chain.dawn	469	475	annotated type is Int but the initializer is String	
D	infer_order_chain.dawn	372	377	annotated type is Int but the initializer is String	
D	infer_order_chain.dawn	318	323	annotated type is Int but the initializer is String	
D	infer_order_chain.dawn	517	523	annotated type is Int but the initializer is String	
