D	infer_never_actual.dawn	532	556	cannot infer type parameter(s) T for `takes_any`	Dawn has no call-site type arguments, so the type has to arrive as an expectation: annotate the binding an argument comes from, or the one that takes the result
D	infer_never_actual.dawn	749	751	cannot infer the element type of an empty list	add a type annotation: let xs: List[Int] = []
D	infer_never_actual.dawn	738	752	cannot infer type parameter(s) T for `takes_list`	Dawn has no call-site type arguments, so the type has to arrive as an expectation: annotate the binding an argument comes from, or the one that takes the result
