D	isolated_initializing.dawn	526	527	undefined variable: x	
D	isolated_initializing.dawn	604	605	`y` is used in its own initializer	a binding is not in scope in its own right-hand side (a recursive function is a local `fn`); if a line of this `let` ends with an operator, that operator continued it onto the next line (spec §1.7)
