D	java_calls.dawn	262	265	`.new` is called on the class, not on an instance	
D	java_calls.dawn	460	476	no constructor of `java.lang.Object` matches (Bool)	candidates:\n  public java.lang.Object()
D	java_calls.dawn	560	572	`java.lang.StringBuilder` has no method `nosuchmethod`	Java calls are value.method(...) for instance methods; fields are not supported in v0.1
D	java_calls.dawn	622	634	`java.lang.Integer` has no static method `nosuchstatic`	Java calls are Class.method(...) for statics; fields are not supported in v0.1
D	java_calls.dawn	685	696	`java.lang.Integer` has no static field `NOSUCHFIELD`	only public static fields are readable; instance fields and methods are not
D	java_calls.dawn	732	745	no overload of `Math.abs` matches (String)	candidates:\n  public static double java.lang.Math.abs(double)\n  public static float java.lang.Math.abs(float)\n  public static int java.lang.Math.abs(int)\n  public static long java.lang.Math.abs(long)
