D	java_member_dispatch.dawn	796	805	`java.lang.Integer` has no static method `MAX_VALUE`	Java calls are Class.method(...) for statics; a public static field is read as `Class.FIELD`, and no other field is readable
D	java_member_dispatch.dawn	1011	1024	`java.lang.Math` has no static method `ieeeremainder`	Java calls are Class.method(...) for statics; a public static field is read as `Class.FIELD`, and no other field is readable
D	java_member_dispatch.dawn	1079	1092	`java.lang.Math` has no static method `IEEEREMAINDER`	Java calls are Class.method(...) for statics; a public static field is read as `Class.FIELD`, and no other field is readable
D	java_member_dispatch.dawn	1299	1302	`java.util.Date` has no method `UTC`	Java calls are value.method(...) for instance methods; a public static field is read as `Class.FIELD`, and no other field is readable
D	java_member_dispatch.dawn	1440	1468	no overload of `Math.IEEEremainder` matches (String, Float)	candidates:\n  public static double java.lang.Math.IEEEremainder(double,double)
