D	java_ambiguous.dawn	421	432	ambiguous call to `StringBuilder.append`	candidates:\n  public java.lang.StringBuilder java.lang.StringBuilder.append(java.lang.CharSequence)\n  public java.lang.StringBuilder java.lang.StringBuilder.append(java.lang.Object)
D	java_ambiguous.dawn	507	527	ambiguous constructor call on `java.util.PriorityQueue`	candidates:\n  public java.util.PriorityQueue(java.util.Collection)\n  public java.util.PriorityQueue(java.util.SortedSet)
