D	lambdas.dawn	139	145	this lambda takes 1 parameter(s), but fn(Int, Int) -> Int is expected	
D	lambdas.dawn	139	145	argument type mismatch: expected fn(Int, Int) -> Int, got fn(Int) -> Int	signature: fn takes(f: fn(Int, Int) -> Int) -> Int
D	lambdas.dawn	245	273	the closure `with` introduced takes 1 parameter(s), but fn(Int, Int) -> Int is expected	`with` binds the names before `<-`, one per parameter
D	lambdas.dawn	245	273	argument type mismatch: expected fn(Int, Int) -> Int, got fn(Int) -> Int	signature: fn bracketish(a: Int, k: fn(Int, Int) -> Int) -> Int
