D	let_var.dawn	115	118	annotated type is Int but the initializer is String	
D	let_var.dawn	174	175	this pattern does not always match, so it cannot be used in a let	use match to handle the other cases
D	let_var.dawn	239	240	`x` is a let binding and cannot be assigned	declare it as var x = ... if it needs to change
D	let_var.dawn	302	305	`x` is Int, cannot assign String	
D	let_var.dawn	352	356	undefined variable: nope	
D	let_var.dawn	401	406	undefined variable: nope2	
