D	let_never.dawn	1947	1952	`Never` is a builtin type and cannot be redefined	
D	let_never.dawn	1974	1979	`Never` is a builtin type and cannot be redefined	
D	let_never.dawn	2114	2119	constructor `Never` uses a compiler-owned reserved type name	
D	let_never.dawn	2278	2299	`Never` is a compiler-owned type name and cannot be a type parameter	
D	let_never.dawn	1279	1284	`Never` can only be written as a function return type	write `fn(...) -> Never`, or use a value-bearing type in this storage position
D	let_never.dawn	1339	1344	`Never` can only be written as a function return type	write `fn(...) -> Never`, or use a value-bearing type in this storage position
D	let_never.dawn	1993	1998	`Never` is a builtin type and cannot be an effect name	
D	let_never.dawn	1645	1650	`Never` can only be written as a function return type	write `fn(...) -> Never`, or use a value-bearing type in this storage position
D	let_never.dawn	2038	2043	`Never` is a builtin type and cannot be a trait name	
D	let_never.dawn	2158	2163	`Never` is a compiler-owned type name and cannot name an associated type	
D	let_never.dawn	2353	2358	`Never` is a compiler-owned type name and cannot be a type parameter	
D	let_never.dawn	1798	1803	`Never` can only be written as a function return type	write `fn(...) -> Never`, or use a value-bearing type in this storage position
D	let_never.dawn	1226	1231	`Never` can only be written as a function return type	write `fn(...) -> Never`, or use a value-bearing type in this storage position
D	let_never.dawn	1491	1496	`Never` can only be written as a function return type	write `fn(...) -> Never`, or use a value-bearing type in this storage position
D	let_never.dawn	1528	1533	`Never` can only be written as a function return type	write `fn(...) -> Never`, or use a value-bearing type in this storage position
D	let_never.dawn	1595	1600	`Never` can only be written as a function return type	write `fn(...) -> Never`, or use a value-bearing type in this storage position
D	let_never.dawn	2241	2246	`Never` is a compiler-owned type name and cannot be a type parameter	
D	let_never.dawn	1366	1371	`Never` can only be written as a function return type	write `fn(...) -> Never`, or use a value-bearing type in this storage position
D	let_never.dawn	130	141	cannot bind Never (this expression does not return)	
D	let_never.dawn	261	272	cannot bind Never (this expression does not return)	
D	let_never.dawn	1434	1439	`Never` can only be written as a function return type	write `fn(...) -> Never`, or use a value-bearing type in this storage position
D	let_never.dawn	2521	2523	function `never_falls_through` declares return type Never but its body is Unit	
D	let_never.dawn	2564	2565	function `never_returns_value` declares return type Never but its body is Int	
