D	let_never.dawn	1967	1972	`Never` is a builtin type and cannot be redefined	
D	let_never.dawn	1994	1999	`Never` is a builtin type and cannot be redefined	
D	let_never.dawn	2134	2139	constructor `Never` uses a compiler-owned reserved type name	
D	let_never.dawn	2298	2319	`Never` is a compiler-owned type name and cannot be a type parameter	
D	let_never.dawn	2013	2018	`Never` is a builtin type and cannot be an effect name	
D	let_never.dawn	1299	1304	`Never` can only be written as a function return type	write `fn(...) -> Never`, or use a value-bearing type in this storage position
D	let_never.dawn	1359	1364	`Never` can only be written as a function return type	write `fn(...) -> Never`, or use a value-bearing type in this storage position
D	let_never.dawn	1665	1670	`Never` can only be written as a function return type	write `fn(...) -> Never`, or use a value-bearing type in this storage position
D	let_never.dawn	2058	2063	`Never` is a builtin type and cannot be a trait name	
D	let_never.dawn	2178	2183	`Never` is a compiler-owned type name and cannot name an associated type	
D	let_never.dawn	2373	2378	`Never` is a compiler-owned type name and cannot be a type parameter	
D	let_never.dawn	1818	1823	`Never` can only be written as a function return type	write `fn(...) -> Never`, or use a value-bearing type in this storage position
D	let_never.dawn	1246	1251	`Never` can only be written as a function return type	write `fn(...) -> Never`, or use a value-bearing type in this storage position
D	let_never.dawn	1511	1516	`Never` can only be written as a function return type	write `fn(...) -> Never`, or use a value-bearing type in this storage position
D	let_never.dawn	1548	1553	`Never` can only be written as a function return type	write `fn(...) -> Never`, or use a value-bearing type in this storage position
D	let_never.dawn	1615	1620	`Never` can only be written as a function return type	write `fn(...) -> Never`, or use a value-bearing type in this storage position
D	let_never.dawn	2261	2266	`Never` is a compiler-owned type name and cannot be a type parameter	
D	let_never.dawn	1386	1391	`Never` can only be written as a function return type	write `fn(...) -> Never`, or use a value-bearing type in this storage position
D	let_never.dawn	148	159	cannot bind Never (this expression does not return)	
D	let_never.dawn	279	290	cannot bind Never (this expression does not return)	
D	let_never.dawn	1454	1459	`Never` can only be written as a function return type	write `fn(...) -> Never`, or use a value-bearing type in this storage position
D	let_never.dawn	2541	2543	function `never_falls_through` declares return type Never but its body is Unit	
D	let_never.dawn	2584	2585	function `never_returns_value` declares return type Never but its body is Int	
