D	let_var.dawn	119	122	annotated type is Int but the initializer is String	
D	let_var.dawn	178	179	this pattern does not always match, so it cannot be used in a let	use match to handle the other cases
D	let_var.dawn	243	244	`x` is a let binding and cannot be assigned	declare it as var x = ... if it needs to change
D	let_var.dawn	306	309	`x` is Int, cannot assign String	
D	let_var.dawn	356	360	undefined variable: nope	
D	let_var.dawn	405	410	undefined variable: nope2	
