D	list_elems_bad.dawn	684	687	`..` spreads a list, but this is Int	drop the `..` to make it one element
D	list_elems_bad.dawn	737	740	`..` spreads a list, but this is String	drop the `..` to make it one element
D	list_elems_bad.dawn	868	872	the list elements have mismatched types: Int vs String	
D	list_elems_bad.dawn	864	873	function `spread_wrong_item` declares return type List[Int] but its body is List[?]	
D	list_elems_bad.dawn	983	984	if condition must be Bool, got Int	
D	list_elems_bad.dawn	1119	1120	if condition must be Bool, got Int	
D	list_elems_bad.dawn	1230	1246	the list elements have mismatched types: Int vs String	
D	list_elems_bad.dawn	1226	1247	function `cond_wrong_body` declares return type List[Int] but its body is List[?]	
D	list_elems_bad.dawn	1380	1391	the if branches have mismatched types: Int vs String	
D	list_elems_bad.dawn	1579	1592	cannot infer type parameter(s) T for `nameless`	Dawn has no call-site type arguments, so the type has to arrive as an expectation: annotate the binding an argument comes from, or the one that takes the result
D	list_elems_bad.dawn	1557	1603	function `cond_uninferable` declares return type List[Tagged[Int]] but its body is List[?]	
D	list_elems_bad.dawn	1661	1663	cannot infer the element type of an empty list	add a type annotation: let xs: List[Int] = []
D	list_elems_bad.dawn	1644	1672	function `spread_uninferable` declares return type List[Int] but its body is List[?]	
