D	entry.dawn	433	434	a literal at `Traced` needs a pure `FromInt` impl here	this is evaluated at compile time, and the impl's `FromInt` is !Log
D	entry.dawn	360	376	the integer literal `9007199254740993` is not exactly a Float	write it as a Float literal (9.007199254740992E15) if the nearest Float is meant
D	entry.dawn	412	413	function `not_a_target` declares return type String but its body is Int	
D	entry.dawn	488	489	both sides must have the same type: Tile[F64] vs Int	`Tile[F64]` takes Float literals: write `2.0`
D	entry.dawn	543	544	both sides must have the same type: Int vs Tile[F64]	`Tile[F64]` takes Float literals: write `2.0`
D	entry.dawn	639	647	undefined function: from_int	
D	entry.dawn	683	686	function `float_at_int` declares return type Int but its body is Float	
D	entry.dawn	738	739	both sides must have the same type: Int vs Float	there are no implicit conversions; use to_float() or unify the literal types
D	entry.dawn	819	820	argument type mismatch: expected String, got Int	signature: fn g[T](a: T, b: T) -> T
D	entry.dawn	858	859	`undeclared` uses the effect `Log`, but its signature does not declare !Log	add !Log to the signature, or answer it here with `with handle Log { ... }`
D	entry.dawn	1378	1381	argument type mismatch: expected Tile[C], got Float	signature: fn mma[D, C](a: Tile[D], b: Tile[D], c: Tile[C]) -> Tile[C]
D	entry.dawn	1368	1382	cannot infer type parameter(s) C for `mma`	Dawn has no call-site type arguments, so the type has to arrive as an expectation: annotate the binding an argument comes from, or the one that takes the result
D	entry.dawn	1385	1393	cannot infer type parameter(s) D for `lit`	Dawn has no call-site type arguments, so the type has to arrive as an expectation: annotate the binding an argument comes from, or the one that takes the result
D	entry.dawn	1544	1547	argument type mismatch: expected Plain[F64], got Float	signature: fn id_of[T](x: T) -> T
D	entry.dawn	1661	1666	annotated type is Float but the initializer is Int	a Float expectation does not reach the integer literals inside an operator; write `1.0 / 2.0`
D	entry.dawn	1726	1727	both sides must have the same type: Int vs Float	there are no implicit conversions; use to_float() or unify the literal types
