D	literal_float_ops.dawn	141	146	function `half` declares return type Float but its body is Int	a Float expectation does not reach the integer literals inside an operator; write `1.0 / 2.0`
D	literal_float_ops.dawn	193	198	annotated type is Float but the initializer is Int	a Float expectation does not reach the integer literals inside an operator; write `1.0 / 2.0`
