D	loop_jump.dawn	107	112	`break` can only be used inside a loop body	
D	loop_jump.dawn	152	160	`continue` can only be used inside a loop body	
D	loop_jump.dawn	247	252	`break` cannot cross a lambda boundary to reach the loop outside	a lambda is its own function: use `return` to exit it, or restructure the loop
