D	main_effect_unhandled.dawn	282	285	`sibling` uses the effect `Ask`, but its signature does not declare !Ask	add !Ask to the signature, or answer it here with `with handle Ask { ... }`
D	main_effect_unhandled.dawn	329	332	`main` uses the effect `Ask`, but its signature does not declare !Ask	nothing calls main, so nothing can answer a declared effect: handle it here with `with handle Ask { ... }`
