D	named_args.dawn	1186	1196	`pad` has no parameter `filll`	did you mean `fill`?
D	named_args.dawn	1248	1256	parameter `width` is given twice	
D	named_args.dawn	1312	1313	positional arguments cannot follow named arguments	
D	named_args.dawn	1315	1318	positional arguments cannot follow named arguments	
D	named_args.dawn	1365	1373	parameter `self` is given twice	
D	named_args.dawn	1433	1437	`g` is a function value, and a function type carries no parameter names	pass the arguments by position
D	named_args.dawn	1522	1526	`h` is a function value, and a function type carries no parameter names	pass the arguments by position
D	named_args.dawn	1583	1589	`Integer.parseInt` is a Java member; Java methods carry no parameter names	pass the arguments by position
D	named_args.dawn	1661	1665	`append` is a Java member; Java methods carry no parameter names	pass the arguments by position
D	named_args.dawn	1785	1799	`pad` takes 3 argument(s), got 1	signature: fn pad(s: String, width: Int, fill: String) -> String
