D	named_args.dawn	1178	1188	`pad` has no parameter `filll`	did you mean `fill`?
D	named_args.dawn	1240	1248	parameter `width` is given twice	
D	named_args.dawn	1304	1305	positional arguments cannot follow named arguments	
D	named_args.dawn	1307	1310	positional arguments cannot follow named arguments	
D	named_args.dawn	1357	1365	parameter `self` is given twice	
D	named_args.dawn	1425	1429	`g` is a function value, and a function type carries no parameter names	pass the arguments by position
D	named_args.dawn	1510	1514	`h` is a function value, and a function type carries no parameter names	pass the arguments by position
D	named_args.dawn	1571	1577	`Integer.parseInt` is a Java member; Java methods carry no parameter names	pass the arguments by position
D	named_args.dawn	1649	1653	`append` is a Java member; Java methods carry no parameter names	pass the arguments by position
D	named_args.dawn	1773	1787	`pad` takes 3 argument(s), got 1	signature: fn pad(s: String, width: Int, fill: String) -> String
