D	never_component.dawn	548	561	cannot infer the type of tuple element 1: the expression never returns	add a type annotation, e.g. let t: (Int, String) = (...); `Never` has no values to store (spec §2.2)
D	never_component.dawn	585	598	cannot infer the type of tuple element 3: the expression never returns	add a type annotation, e.g. let t: (Int, String) = (...); `Never` has no values to store (spec §2.2)
D	never_component.dawn	611	625	cannot infer the element type of a list whose elements never return	add a type annotation, e.g. let xs: List[Int] = [...]; `Never` has no values to store (spec §2.2)
D	never_component.dawn	637	659	cannot infer the element type of a list whose elements never return	add a type annotation, e.g. let xs: List[Int] = [...]; `Never` has no values to store (spec §2.2)
D	never_component.dawn	685	694	cannot infer the type of tuple element 1: the expression never returns	add a type annotation, e.g. let t: (Int, String) = (...); `Never` has no values to store (spec §2.2)
D	never_component.dawn	724	735	cannot infer the element type of a list whose elements never return	add a type annotation, e.g. let xs: List[Int] = [...]; `Never` has no values to store (spec §2.2)
D	never_component.dawn	759	768	cannot infer the type of tuple element 1: the expression never returns	add a type annotation, e.g. let t: (Int, String) = (...); `Never` has no values to store (spec §2.2)
D	never_component.dawn	794	809	cannot infer the type of tuple element 1: the expression never returns	add a type annotation, e.g. let t: (Int, String) = (...); `Never` has no values to store (spec §2.2)
D	never_component.dawn	784	814	cannot infer type parameter(s) A for `first_of`	Dawn has no call-site type arguments, so the type has to arrive as an expectation: annotate the binding an argument comes from, or the one that takes the result
D	never_component.dawn	832	845	cannot infer the type of tuple element 1: the expression never returns	add a type annotation, e.g. let t: (Int, String) = (...); `Never` has no values to store (spec §2.2)
D	never_component.dawn	1376	1394	cannot infer type parameter(s) T for `Some`	add a type annotation, e.g. let x: Option[...] = Some
