D	opaque_expr.dawn	824	825	`.` field access needs a record value, got ORec	
D	opaque_expr.dawn	870	871	match supports Int/Float/String/Bool, tuples, lists and user-defined types, got OSum	
D	opaque_expr.dawn	878	879	`A` is a Sum constructor, but the scrutinee is OSum	
D	opaque_expr.dawn	889	890	`B` is a Sum constructor, but the scrutinee is OSum	
