D	or_pattern.dawn	184	189	or-pattern alternative does not bind `x`	every alternative must bind the same names as the first
D	or_pattern.dawn	283	284	or-pattern alternative binds extra name `y`	every alternative must bind the same names as the first
D	or_pattern.dawn	396	397	or-pattern binding `x` has type String, but the first alternative binds Int	bind `x` at the same type in every alternative
D	or_pattern.dawn	471	482	this pattern does not always match, so it cannot be used in a let	use match to handle the other cases
D	or_pattern.dawn	604	608	undefined constructor in pattern: Goad	did you mean `Good`?
