D	ord_tuple_negative.dawn	212	213	no impl of `Ord` for `Bool`	orderable scalars are Int and String; Float has no total order (NaN), and everything else needs an `impl Ord`
D	ord_tuple_negative.dawn	310	311	no impl of `Ord` for `Float`	orderable scalars are Int and String; Float has no total order (NaN), and everything else needs an `impl Ord`
