D	entry.dawn	261	265	`seam` is package-private to package `corpus_lib`	only modules of package `corpus_lib` may name it
D	entry.dawn	267	272	`Trace` is package-private to package `corpus_lib`	only modules of package `corpus_lib` may name it
D	entry.dawn	410	415	`Trace` is package-private to package `corpus_lib`	only modules of package `corpus_lib` may name it
D	entry.dawn	452	461	`Seam` is package-private to package `corpus_lib`	only modules of package `corpus_lib` may name it
D	entry.dawn	335	339	`seam` is package-private to package `corpus_lib`	only modules of package `corpus_lib` may name it
D	entry.dawn	352	361	`Seam` is package-private to package `corpus_lib`	only modules of package `corpus_lib` may name it
D	entry.dawn	398	403	`LIMIT` is package-private to package `corpus_lib`	only modules of package `corpus_lib` may name it
D	entry.dawn	493	497	`Seam` is package-private to package `corpus_lib`	only modules of package `corpus_lib` may name it
