D	patterns_ctor.dawn	149	153	`Blob` is a Other constructor, but the scrutinee is Shape	
D	patterns_ctor.dawn	225	229	undefined constructor in pattern: Nope	did you mean `None`?
D	patterns_ctor.dawn	310	314	constructor `Line` has 2 field(s); a bare name does not match it	write Line(..) to ignore the fields, or destructure them
D	patterns_ctor.dawn	398	399	`Line` has no field `z`	constructor: Line(a: Int, b: Int): Shape
D	patterns_ctor.dawn	388	401	pattern for `Line` does not mention: a, b	add `..` to ignore the remaining fields
D	patterns_ctor.dawn	499	500	positional patterns cannot follow named patterns	
D	patterns_ctor.dawn	488	501	pattern for `Line` does not mention: b	add `..` to ignore the remaining fields
D	patterns_ctor.dawn	587	588	field `a` is matched twice	
D	patterns_ctor.dawn	571	590	pattern for `Line` does not mention: b	add `..` to ignore the remaining fields
D	patterns_ctor.dawn	666	679	`Line` has 2 field(s), the pattern names 3	constructor: Line(a: Int, b: Int): Shape
D	patterns_ctor.dawn	758	771	pattern for `Line` does not mention: b	add `..` to ignore the remaining fields
