D	patterns_ctor.dawn	153	157	`Blob` is a Other constructor, but the scrutinee is Shape	
D	patterns_ctor.dawn	229	233	undefined constructor in pattern: Nope	did you mean `None`?
D	patterns_ctor.dawn	314	318	constructor `Line` has 2 field(s); a bare name does not match it	write Line(..) to ignore the fields, or destructure them
D	patterns_ctor.dawn	399	400	`Line` has no field `z`	constructor: Line(a: Int, b: Int): Shape
D	patterns_ctor.dawn	392	405	pattern for `Line` does not mention: a, b	add `..` to ignore the remaining fields
D	patterns_ctor.dawn	503	504	positional patterns cannot follow named patterns	
D	patterns_ctor.dawn	492	505	pattern for `Line` does not mention: b	add `..` to ignore the remaining fields
D	patterns_ctor.dawn	591	592	field `a` is matched twice	
D	patterns_ctor.dawn	575	594	pattern for `Line` does not mention: b	add `..` to ignore the remaining fields
D	patterns_ctor.dawn	670	683	`Line` has 2 field(s), the pattern names 3	constructor: Line(a: Int, b: Int): Shape
D	patterns_ctor.dawn	762	775	pattern for `Line` does not mention: b	add `..` to ignore the remaining fields
