D	patterns_shape.dawn	97	100	pattern type String does not match scrutinee type Int	
D	patterns_shape.dawn	166	172	list pattern does not match scrutinee type Int	
D	patterns_shape.dawn	238	244	tuple pattern does not match scrutinee type Int	match a tuple pattern only against a tuple value
D	patterns_shape.dawn	321	330	this pattern has 3 elements but the scrutinee is (Int, Int)	a tuple pattern must bind exactly 2 element(s)
D	patterns_shape.dawn	408	412	or-pattern alternative does not bind `a`	every alternative must bind the same names as the first
D	patterns_shape.dawn	474	475	guard must be Bool, got Int	
D	patterns_shape.dawn	547	548	match supports Int/Float/String/Bool, tuples, lists and user-defined types, got fn() -> Int	
