D	patterns_ctor.dawn	153	157	`Blob` is a Other constructor, but the scrutinee is Shape	
D	patterns_ctor.dawn	229	233	undefined constructor in pattern: Nope	did you mean `None`?
D	patterns_ctor.dawn	314	318	constructor `Line` has 2 field(s), and this pattern matches none of them	write Line(..) to ignore the fields, or destructure them
D	patterns_ctor.dawn	397	398	`Line` has no field `z`	constructor: Line(a: Int, b: Int): Shape
D	patterns_ctor.dawn	392	402	pattern for `Line` does not mention: a, b	add `..` to ignore the remaining fields
D	patterns_ctor.dawn	500	501	positional patterns cannot follow named patterns	
D	patterns_ctor.dawn	489	502	pattern for `Line` does not mention: b	add `..` to ignore the remaining fields
D	patterns_ctor.dawn	586	587	field `a` is matched twice	
D	patterns_ctor.dawn	572	588	pattern for `Line` does not mention: b	add `..` to ignore the remaining fields
D	patterns_ctor.dawn	664	677	`Line` has 2 field(s), the pattern names 3	constructor: Line(a: Int, b: Int): Shape
D	patterns_ctor.dawn	756	766	pattern for `Line` does not mention: b	add `..` to ignore the remaining fields
D	patterns_ctor.dawn	843	849	constructor `Line` has 2 field(s), and this pattern matches none of them	write Line(..) to ignore the fields, or destructure them
D	patterns_ctor.dawn	1112	1125	constructor `Line` is matched with parentheses: Line(...)	constructor: Line(a: Int, b: Int): Shape
D	patterns_ctor.dawn	1243	1257	record `Pt` is matched with braces: Pt { ... }	constructor: Pt { x: Int, y: Int }
D	patterns_ctor.dawn	1323	1325	record `Pt` is matched with braces: Pt { ... }	constructor: Pt { x: Int, y: Int }
