D	pipe.dawn	775	778	public function `piped_record` exposes private type `Rec`	function `piped_record` return type -> private type `Rec`; make `Rec` public or remove it from this public surface
D	pipe.dawn	912	915	public function `piped_record_literal` exposes private type `Rec`	function `piped_record_literal` return type -> private type `Rec`; make `Rec` public or remove it from this public surface
D	pipe.dawn	1044	1047	public function `piped_arity` exposes private type `Sum`	function `piped_arity` return type -> private type `Sum`; make `Sum` public or remove it from this public surface
D	pipe.dawn	1099	1102	public function `piped_named_twice` exposes private type `Sum`	function `piped_named_twice` return type -> private type `Sum`; make `Sum` public or remove it from this public surface
D	pipe.dawn	663	674	module `std/str` has no exported value `starts_with`	
D	pipe.dawn	781	792	record `Rec` must be built with braces: Rec { ... }	constructor: Rec { a: Int, b: Int }
D	pipe.dawn	923	941	cannot call a value of type Rec	
D	pipe.dawn	1050	1061	`One` takes 1 field(s), got 2	constructor: One(x: Int): Sum
D	pipe.dawn	1114	1118	field `x` is given twice	
D	pipe.dawn	1170	1171	`k` is not a function (it is Int)	
D	pipe.dawn	1355	1369	`len` takes 1 argument(s), got 2	signature: fn len[T](xs: List[T]) -> Int
