D	pipe.dawn	663	674	module `std/str` has no exported value `starts_with`	
D	pipe.dawn	781	792	record `Rec` must be built with braces: Rec { ... }	constructor: Rec { a: Int, b: Int }
D	pipe.dawn	923	941	cannot call a value of type Rec	
D	pipe.dawn	1050	1061	`One` takes 1 field(s), got 2	constructor: One(x: Int): Sum
D	pipe.dawn	1114	1118	field `x` is given twice	
D	pipe.dawn	1170	1171	`k` is not a function (it is Int)	
D	pipe.dawn	1355	1369	`len` takes 1 argument(s), got 2	signature: fn len[T](xs: List[T]) -> Int
