D	public_surface.dawn	1534	1544	unknown type: NoSuchType	builtin types: Int, Char, Float, Bool, String, Bytes, Unit, List, Map, Set — or declare `type NoSuchType = ...`
D	public_surface.dawn	471	477	public type `Packet` exposes private type `Secret`	type `Packet` constructor `Packet` field `value` -> private type `Secret`; make `Secret` public or remove it from this public surface
D	public_surface.dawn	561	572	public alias `Published` exposes private type `Secret`	alias `Published` target -> private type `Secret`; make `Secret` public or remove it from this public surface
D	public_surface.dawn	628	636	public function `leak_opaque` exposes private type `HiddenId`	function `leak_opaque` return type -> private type `HiddenId`; make `HiddenId` public or remove it from this public surface
D	public_surface.dawn	662	673	public function `leak_bound` exposes private trait `HiddenBound`	function `leak_bound` type parameter #1 bound -> private trait `HiddenBound`; make `HiddenBound` public or remove it from this public surface
D	public_surface.dawn	697	708	public function `leak_effect` exposes private effect `HiddenEffect`	function `leak_effect` effect row -> private effect `HiddenEffect`; make `HiddenEffect` public or remove it from this public surface
D	public_surface.dawn	882	888	public function `leak_opaque_arg` exposes private type `Secret`	function `leak_opaque_arg` return type opaque `Vault` type argument #1 -> private type `Secret`; make `Secret` public or remove it from this public surface
D	public_surface.dawn	975	981	public constant `LEAK` exposes private type `Secret`	constant `LEAK` type -> private type `Secret`; make `Secret` public or remove it from this public surface
D	public_surface.dawn	1085	1091	public function `leak_list` exposes private type `Secret`	function `leak_list` return type list element -> private type `Secret`; make `Secret` public or remove it from this public surface
D	public_surface.dawn	1121	1127	public function `leak_map` exposes private type `Secret`	function `leak_map` parameter `m` map key -> private type `Secret`; make `Secret` public or remove it from this public surface
D	public_surface.dawn	1133	1139	public function `leak_map` exposes private type `Secret`	function `leak_map` parameter `m` map value set element -> private type `Secret`; make `Secret` public or remove it from this public surface
D	public_surface.dawn	1183	1189	public function `leak_tuple` exposes private type `Secret`	function `leak_tuple` return type tuple element #2 -> private type `Secret`; make `Secret` public or remove it from this public surface
D	public_surface.dawn	1226	1232	public function `leak_fn` exposes private type `Secret`	function `leak_fn` parameter `f` function parameter #1 -> private type `Secret`; make `Secret` public or remove it from this public surface
D	public_surface.dawn	1237	1243	public function `leak_fn` exposes private type `Secret`	function `leak_fn` parameter `f` function return type -> private type `Secret`; make `Secret` public or remove it from this public surface
D	public_surface.dawn	1590	1596	public effect `PublicOps` operation `reveal` exposes private type `Secret`	effect `PublicOps` operation `reveal` return type -> private type `Secret`; make `Secret` public or remove it from this public surface
D	public_surface.dawn	1648	1654	public trait `PublicTrait` method `expose` exposes private type `Secret`	trait `PublicTrait` method `expose` return type -> private type `Secret`; make `Secret` public or remove it from this public surface
D	public_surface.dawn	1882	1888	observable impl `HasItem[Vault[T]]` exposes private type `Secret`	impl `HasItem[Vault[T]]` associated type `Item` list element opaque `Vault` type argument #1 -> private type `Secret`; make `Secret` public or remove it from this public surface
D	public_surface.dawn	1953	1964	observable impl `HasItem[Holder[T]]` exposes private trait `HiddenBound`	impl `HasItem[Holder[T]]` type parameter #1 bound -> private trait `HiddenBound`; make `HiddenBound` public or remove it from this public surface
