D	public_surface.dawn	1528	1538	unknown type: NoSuchType	builtin types: Int, Char, Float, Bool, String, Bytes, Unit, List, Map, Set — or declare `type NoSuchType = ...`
D	public_surface.dawn	467	473	public type `Packet` exposes private type `Secret`	type `Packet` constructor `Packet` field `value` -> private type `Secret`; make `Secret` public or remove it from this public surface
D	public_surface.dawn	555	566	public alias `Published` exposes private type `Secret`	alias `Published` target -> private type `Secret`; make `Secret` public or remove it from this public surface
D	public_surface.dawn	622	630	public function `leak_opaque` exposes private type `HiddenId`	function `leak_opaque` return type -> private type `HiddenId`; make `HiddenId` public or remove it from this public surface
D	public_surface.dawn	656	667	public function `leak_bound` exposes private trait `HiddenBound`	function `leak_bound` type parameter #1 bound -> private trait `HiddenBound`; make `HiddenBound` public or remove it from this public surface
D	public_surface.dawn	691	702	public function `leak_effect` exposes private effect `HiddenEffect`	function `leak_effect` effect row -> private effect `HiddenEffect`; make `HiddenEffect` public or remove it from this public surface
D	public_surface.dawn	876	882	public function `leak_opaque_arg` exposes private type `Secret`	function `leak_opaque_arg` return type opaque `Vault` type argument #1 -> private type `Secret`; make `Secret` public or remove it from this public surface
D	public_surface.dawn	969	975	public constant `LEAK` exposes private type `Secret`	constant `LEAK` type -> private type `Secret`; make `Secret` public or remove it from this public surface
D	public_surface.dawn	1079	1085	public function `leak_list` exposes private type `Secret`	function `leak_list` return type list element -> private type `Secret`; make `Secret` public or remove it from this public surface
D	public_surface.dawn	1115	1121	public function `leak_map` exposes private type `Secret`	function `leak_map` parameter `m` map key -> private type `Secret`; make `Secret` public or remove it from this public surface
D	public_surface.dawn	1127	1133	public function `leak_map` exposes private type `Secret`	function `leak_map` parameter `m` map value set element -> private type `Secret`; make `Secret` public or remove it from this public surface
D	public_surface.dawn	1177	1183	public function `leak_tuple` exposes private type `Secret`	function `leak_tuple` return type tuple element #2 -> private type `Secret`; make `Secret` public or remove it from this public surface
D	public_surface.dawn	1220	1226	public function `leak_fn` exposes private type `Secret`	function `leak_fn` parameter `f` function parameter #1 -> private type `Secret`; make `Secret` public or remove it from this public surface
D	public_surface.dawn	1231	1237	public function `leak_fn` exposes private type `Secret`	function `leak_fn` parameter `f` function return type -> private type `Secret`; make `Secret` public or remove it from this public surface
D	public_surface.dawn	1584	1590	public effect `PublicOps` operation `reveal` exposes private type `Secret`	effect `PublicOps` operation `reveal` return type -> private type `Secret`; make `Secret` public or remove it from this public surface
D	public_surface.dawn	1642	1648	public trait `PublicTrait` method `expose` exposes private type `Secret`	trait `PublicTrait` method `expose` return type -> private type `Secret`; make `Secret` public or remove it from this public surface
D	public_surface.dawn	1876	1882	observable impl `HasItem[Vault[T]]` exposes private type `Secret`	impl `HasItem[Vault[T]]` associated type `Item` list element opaque `Vault` type argument #1 -> private type `Secret`; make `Secret` public or remove it from this public surface
D	public_surface.dawn	1947	1958	observable impl `HasItem[Holder[T]]` exposes private trait `HiddenBound`	impl `HasItem[Holder[T]]` type parameter #1 bound -> private trait `HiddenBound`; make `HiddenBound` public or remove it from this public surface
