D	purity.dawn	109	116	const initializers must be pure, but `pure_io` is !io	compile-time evaluation cannot perform io (spec §7.2)
D	purity.dawn	208	211	effect operation `get` cannot be used as a value	wrap it in a lambda: () => get()
D	purity.dawn	298	305	cannot infer the type parameter(s) of `bounded` used as a value here	wrap it in a lambda with annotated parameters: (x: Int) => bounded(x)
