D	entry.dawn	122	132	module `lib` has no exported type `Hidden`	exported types: Shown
D	entry.dawn	164	172	module `lib` has no exported type `Nope`	exported types: Shown
D	entry.dawn	210	217	unknown module alias `nomod` in a type position	a qualified type needs a whole-module import in scope: `use <path> as nomod`
D	entry.dawn	261	267	`secret` is private to module `lib`	add `pub` to its declaration in lib
D	entry.dawn	299	305	module `lib` has no exported function `nosuch`	
D	entry.dawn	338	341	undefined variable: lib	
D	entry.dawn	381	389	cannot call a value of type Int	
D	entry.dawn	424	432	module `std/list` has no exported function `nosuchfn`	
D	entry.dawn	469	474	undefined variable: nomod	
D	entry.dawn	534	539	module `lib` has no exported constructor `Invis`	
D	entry.dawn	613	617	module `lib` has no exported constructor `Nope`	
D	entry.dawn	698	702	unknown module alias `nomod` in a pattern	a qualified pattern needs a whole-module import in scope: `use <path> as nomod`
