D	entry.dawn	196	201	module `lib` has no exported value `zerox`	did you mean `zero`?
D	entry.dawn	245	250	module `lib` has no exported value `zerox`	did you mean `zero`?
D	entry.dawn	282	287	module `lib` has no exported function `zerox`	did you mean `zero`?
D	entry.dawn	323	327	module `lib` has no exported value `LIMT`	did you mean `LIMIT`?
D	entry.dawn	358	365	cannot call a value of type Int	
D	entry.dawn	404	408	module `lib` has no exported value `Ligt`	did you mean `Light`?
D	entry.dawn	589	599	cannot infer the type parameter(s) of `apply_to` used as a value here	wrap it in a lambda with annotated parameters: (x: Int) => apply_to(x)
D	entry.dawn	647	653	cannot infer the type parameter(s) of `pick` used as a value here	wrap it in a lambda with annotated parameters: (x: Int) => pick(x)
D	entry.dawn	696	705	cannot infer the type parameter(s) of `each_of` used as a value here	wrap it in a lambda with annotated parameters: (x: Int) => each_of(x)
D	entry.dawn	828	834	cannot infer the type parameter(s) of `made` used as a value here	wrap it in a lambda with annotated parameters: (x: Int) => made(x)
D	entry.dawn	999	1009	cannot infer the type parameter(s) of `apply_to` used as a value here	wrap it in a lambda with annotated parameters: (x: Int) => apply_to(x)
D	entry.dawn	992	993	cannot infer the type of `v`	annotate it: (v: Int) => ...
D	entry.dawn	1077	1085	cannot infer the type parameter(s) of `use_it` used as a value here	wrap it in a lambda with annotated parameters: (x: Int) => use_it(x)
D	entry.dawn	1070	1071	cannot infer the type of `v`	annotate it: (v: Int) => ...
D	entry.dawn	1146	1157	cannot infer the type parameter(s) of `apply_local` used as a value here	wrap it in a lambda with annotated parameters: (x: Int) => apply_local(x)
