D	question_with.dawn	210	212	`?` after `with` needs the type of the `with` call to be known from context	annotate the enclosing function's return type, so the closure `with` introduced knows what it hands back
D	question_with.dawn	200	213	cannot infer type parameter(s) T for `poly`	add a type annotation at the use site
