D	records.dawn	180	181	`..base` must be a Rec, got Int	
D	records.dawn	248	249	`..base` functional update only works on records	
D	records.dawn	248	249	`..base` must be a Sum, got Rec	
D	records.dawn	303	307	`Rec` has no field `z`	constructor: Rec { a: Int, b: Int }
D	records.dawn	362	363	positional arguments cannot follow named arguments	
D	records.dawn	408	412	field `a` is given twice	
D	records.dawn	460	463	field `a` of `Rec` is Int, got String	constructor: Rec { a: Int, b: Int }
D	records.dawn	515	519	`Rec` has no field `c`	constructor: Rec { a: Int, b: Int }
D	records.dawn	550	559	`One` takes 1 field(s), got 2	constructor: One(x: Int): Sum
D	records.dawn	587	599	missing field(s) in `Rec`: b	constructor: Rec { a: Int, b: Int }
D	records.dawn	634	635	`K` is a constant, not a constructor	
D	records.dawn	673	677	undefined constructor: Nope	did you mean `None`?
D	records.dawn	710	717	`Zero` takes 0 field(s), got 1	constructor: Zero: Sum
D	records.dawn	779	783	`Zero` is a value, not a function (it takes no fields)	use it directly; only constructors with fields can be passed as functions
D	records.dawn	820	823	constructor `One` has 1 field(s) and cannot be used bare	constructor: One(x: Int): Sum
D	records.dawn	855	858	record `Rec` must be built with braces: Rec { ... }	constructor: Rec { a: Int, b: Int }
