D	records.dawn	188	189	`..base` must be a Rec, got Int	
D	records.dawn	256	257	`..base` functional update only works on records	
D	records.dawn	256	257	`..base` must be a Sum, got Rec	
D	records.dawn	311	315	`Rec` has no field `z`	constructor: Rec { a: Int, b: Int }
D	records.dawn	370	371	positional arguments cannot follow named arguments	
D	records.dawn	416	420	field `a` is given twice	
D	records.dawn	468	471	field `a` of `Rec` is Int, got String	constructor: Rec { a: Int, b: Int }
D	records.dawn	523	527	`Rec` has no field `c`	constructor: Rec { a: Int, b: Int }
D	records.dawn	558	567	`One` takes 1 field(s), got 2	constructor: One(x: Int): Sum
D	records.dawn	595	607	missing field(s) in `Rec`: b	constructor: Rec { a: Int, b: Int }
D	records.dawn	642	643	`K` is a constant, not a constructor	
D	records.dawn	681	685	undefined constructor: Nope	did you mean `None`?
D	records.dawn	718	725	`Zero` takes 0 field(s), got 1	constructor: Zero: Sum
D	records.dawn	718	725	function `no_fields` declares return type Int but its body is Sum	
D	records.dawn	787	791	`Zero` is a value, not a function (it takes no fields)	use it directly; only constructors with fields can be passed as functions
D	records.dawn	828	831	constructor `One` has 1 field(s) and cannot be used bare	constructor: One(x: Int): Sum
D	records.dawn	863	866	record `Rec` must be built with braces: Rec { ... }	constructor: Rec { a: Int, b: Int }
D	records.dawn	1107	1116	record `Rec` must be built with braces: Rec { ... }	constructor: Rec { a: Int, b: Int }
D	records.dawn	1155	1160	record `Rec` must be built with braces: Rec { ... }	constructor: Rec { a: Int, b: Int }
D	records.dawn	1199	1214	record `Rec` must be built with braces: Rec { ... }	constructor: Rec { a: Int, b: Int }
