D	records.dawn	188	189	`..base` must be a Rec, got Int	
D	records.dawn	387	404	constructor `One` is built with parentheses: One(...)	constructor: One(x: Int): Sum
D	records.dawn	442	454	constructor `One` is built with parentheses: One(...)	constructor: One(x: Int): Sum
D	records.dawn	500	504	`Rec` has no field `z`	constructor: Rec { a: Int, b: Int }
D	records.dawn	559	560	positional arguments cannot follow named arguments	
D	records.dawn	605	609	field `a` is given twice	
D	records.dawn	657	660	field `a` of `Rec` is Int, got String	constructor: Rec { a: Int, b: Int }
D	records.dawn	712	716	`Rec` has no field `c`	constructor: Rec { a: Int, b: Int }
D	records.dawn	747	756	`One` takes 1 field(s), got 2	constructor: One(x: Int): Sum
D	records.dawn	784	796	missing field(s) in `Rec`: b	constructor: Rec { a: Int, b: Int }
D	records.dawn	831	832	`K` is a constant, not a constructor	
D	records.dawn	870	874	undefined constructor: Nope	did you mean `None`?
D	records.dawn	907	914	`Zero` takes 0 field(s), got 1	constructor: Zero: Sum
D	records.dawn	907	914	function `no_fields` declares return type Int but its body is Sum	
D	records.dawn	976	980	`Zero` is a value, not a function (it takes no fields)	use it directly; only constructors with fields can be passed as functions
D	records.dawn	1017	1020	constructor `One` has 1 field(s) and cannot be used bare	constructor: One(x: Int): Sum
D	records.dawn	1052	1055	record `Rec` must be built with braces: Rec { ... }	constructor: Rec { a: Int, b: Int }
D	records.dawn	1296	1305	record `Rec` must be built with braces: Rec { ... }	constructor: Rec { a: Int, b: Int }
D	records.dawn	1344	1349	record `Rec` must be built with braces: Rec { ... }	constructor: Rec { a: Int, b: Int }
D	records.dawn	1388	1403	record `Rec` must be built with braces: Rec { ... }	constructor: Rec { a: Int, b: Int }
