D	return_forms.dawn	200	208	`return` needs the function's return type to be declared	add `-> T` to fn inferred(...)
D	return_forms.dawn	105	108	`return` type mismatch: this function returns Int, got String	
D	return_forms.dawn	162	170	`return` inside a lambda needs the lambda's return type to be known from context	make the expected function type explicit, or drop the return
