D	scalar_dtype_opaque.dawn	438	446	`scalar_arg` requires `ScalarDtype[F16]`, but `F16` has no such impl	an opaque type inherits only Eq, Hash and Ord from its target; write `impl ScalarDtype[F16]` in the module declaring it
D	scalar_dtype_opaque.dawn	493	502	`scalar_arg` requires `ScalarDtype[BF16]`, but `BF16` has no such impl	an opaque type inherits only Eq, Hash and Ord from its target; write `impl ScalarDtype[BF16]` in the module declaring it
D	scalar_dtype_opaque.dawn	552	553	`scalar_arg` requires `ScalarDtype[I8]`, but `I8` has no such impl	an opaque type inherits only Eq, Hash and Ord from its target; write `impl ScalarDtype[I8]` in the module declaring it
