D	std_renamed.dawn	896	905	module `std/str` has no exported function `substring`	
D	std_renamed.dawn	947	949	module `std/cursor` has no exported function `at`	
D	std_renamed.dawn	981	984	module `std/bytes` has no exported function `get`	
D	std_renamed.dawn	1028	1032	module `std/fmt` has no exported function `atoi`	did you mean `dtoa`?
D	std_renamed.dawn	1066	1076	module `std/fmt` has no exported function `atoi_radix`	
D	std_renamed.dawn	1116	1120	`atod` is not part of std's public API (`std/fmt` declares it privately)	
