D	std_renamed.dawn	778	787	module `std/str` has no exported function `substring`	
D	std_renamed.dawn	829	831	module `std/cursor` has no exported function `at`	
D	std_renamed.dawn	863	866	module `std/bytes` has no exported function `get`	
D	std_renamed.dawn	910	914	`atoi` is private to module `std/fmt`	add `pub` to its declaration in std/fmt
D	std_renamed.dawn	948	958	`atoi_radix` is private to module `std/fmt`	add `pub` to its declaration in std/fmt
D	std_renamed.dawn	998	1002	`atod` is private to module `std/fmt`	add `pub` to its declaration in std/fmt
