D	std_renamed.dawn	695	704	module `std/str` has no exported function `substring`	renamed in v0.55.0: write `str.slice(s, from, to)`
D	std_renamed.dawn	746	748	module `std/cursor` has no exported function `at`	renamed in v0.55.0: write `cursor.seek(s, i)`
D	std_renamed.dawn	780	783	module `std/bytes` has no exported function `get`	renamed in v0.55.0: write `bytes.buf_at(b, i)`
D	std_renamed.dawn	827	831	module `std/fmt` has no exported function `atoi`	std-internal since v0.55.0: write the builtin `parse_int(s)`
D	std_renamed.dawn	865	875	module `std/fmt` has no exported function `atoi_radix`	std-internal since v0.55.0: write the builtin `parse_int_radix(s, radix)`
D	std_renamed.dawn	915	919	module `std/fmt` has no exported function `atod`	std-internal since v0.55.0: write the builtin `parse_float(s)`
