D	trailing_operator.dawn	248	249	`a` is used in its own initializer	a binding is not in scope in its own right-hand side (a recursive function is a local `fn`); if a line of this `let` ends with an operator, that operator continued it onto the next line (spec §1.7)
D	trailing_operator.dawn	233	234	both sides must have the same type: Int vs Unit	the right operand is Unit; a line that ends in `+` continues onto the next line (spec §1.7), so if this `+` ends its line, the next statement became its right operand
D	trailing_operator.dawn	321	322	`s` is used in its own initializer	a binding is not in scope in its own right-hand side (a recursive function is a local `fn`); if a line of this `let` ends with an operator, that operator continued it onto the next line (spec §1.7)
D	trailing_operator.dawn	308	310	`++` concatenates Strings, Bytes or Lists, got String ++ Unit	the right operand is Unit; a line that ends in `++` continues onto the next line (spec §1.7), so if this `++` ends its line, the next statement became its right operand
D	trailing_operator.dawn	397	398	`c` is used in its own initializer	a binding is not in scope in its own right-hand side (a recursive function is a local `fn`); if a line of this `let` ends with an operator, that operator continued it onto the next line (spec §1.7)
D	trailing_operator.dawn	386	401	logical operators expect Bool, right side is Unit	the right operand is Unit; a line that ends in `&&` continues onto the next line (spec §1.7), so if this `&&` ends its line, the next statement became its right operand
D	trailing_operator.dawn	483	484	`f` is used in its own initializer	a binding is not in scope in its own right-hand side (a recursive function is a local `fn`); if a line of this `let` ends with an operator, that operator continued it onto the next line (spec §1.7)
