D	trait_method_effects.dawn	133	134	trait methods cannot declare the effect `Ask`	a trait method is pure or !io
D	trait_method_effects.dawn	158	159	trait methods cannot declare effect variables	a trait method is pure or !io
D	trait_method_effects.dawn	181	182	trait method signatures cannot carry the effect `Ask`	write !io on the function type, or leave it pure
D	trait_method_effects.dawn	222	223	trait method signatures cannot carry effect variables	write !io on the function type, or leave it pure
D	trait_method_effects.dawn	396	397	impl methods cannot declare the effect `Ask`	an impl method is pure or !io
D	trait_method_effects.dawn	427	428	impl methods cannot declare effect variables	an impl method is pure or !io
D	trait_method_effects.dawn	378	383	impl `Plain[Sub]` is missing `m`, `n`	provide: fn m(x: Sub) -> Int; fn n(x: Sub) -> Int
D	trait_method_effects.dawn	589	591	impl method signatures cannot carry the effect `Ask`	
D	trait_method_effects.dawn	637	639	impl method signatures cannot carry effect variables	
D	trait_method_effects.dawn	572	576	impl `Sigs[Sub]` is missing `sq`, `sr`	provide: fn sq(x: Sub) -> Int; fn sr(x: Sub) -> Int
