D	trait_dup.dawn	67	72	trait `Clash` collides with a type of the same name	traits and types share one namespace; rename one
D	trait_dup.dawn	105	107	`Eq` is a prelude trait and cannot be redefined	
D	trait_dup.dawn	177	181	trait `Mine` is defined twice	
D	trait_dup.dawn	240	242	associated type `It` is declared twice in trait `Dup`	
D	trait_dup.dawn	268	269	`e` is already a method of trait `Dup` (trait methods share the function namespace)	
