D	type_alias.dawn	180	192	a type declaration cannot carry an effect row	write !io, or leave the function type pure: an effect variable has no binder here, and a declared effect belongs to the signature that raises it
D	type_alias.dawn	89	93	type alias `Loop` refers to itself	aliases are transparent and cannot be recursive
D	type_alias.dawn	134	143	`Pair` takes 2 type parameter(s), got 1	
D	type_alias.dawn	233	248	`Later` takes 1 type parameter(s), got 2	
