D	type_dup.dawn	105	110	type `Thing` is defined twice	
D	type_dup.dawn	121	127	`Option` is a prelude type and cannot be redefined	
D	type_dup.dawn	144	150	`Result` is a prelude type and cannot be redefined	
D	type_dup.dawn	169	181	`ForeignError` is a prelude type and cannot be redefined	
D	type_dup.dawn	195	200	duplicate type parameter names	
