D	type_arity.dawn	87	101	List takes exactly one type argument: List[T]	
D	type_arity.dawn	126	134	Map takes exactly two type arguments: Map[K, V]	
D	type_arity.dawn	159	174	unknown type: Array	builtin types: Int, Float, Bool, String, Unit, List — or declare `type Array = ...`
D	type_arity.dawn	199	212	Set takes exactly one type argument: Set[T]	
D	type_arity.dawn	237	241	unknown type: Nope	builtin types: Int, Float, Bool, String, Unit, List — or declare `type Nope = ...`
D	type_arity.dawn	266	275	`Int` is not generic	
