D	type_alias.dawn	180	192	effect variable `e` has no binder here	bind it in the declaration's parameter list -- `[!e]` -- or write !io, or leave the function type pure
D	type_alias.dawn	89	93	type alias `Loop` refers to itself	aliases are transparent and cannot be recursive
D	type_alias.dawn	134	143	`Pair` takes 2 type parameter(s), got 1	
D	type_alias.dawn	233	248	`Later` takes 1 type parameter(s), got 2	
