D	broken.dawn	214	226	function `wrong` declares return type Int but its body is String	
D	entry.dawn	480	485	unused import: other	remove it: nothing in this module, its tests included, refers to it
D	entry.dawn	495	500	unused import: Shape	remove it: nothing in this module, its tests included, refers to it
D	entry.dawn	526	532	unused import: thrice	remove it: nothing in this module, its tests included, refers to it
D	entry.dawn	549	554	unused import: LIMIT	remove it: nothing in this module, its tests included, refers to it
D	entry.dawn	570	583	unused import: half	remove it: nothing in this module, its tests included, refers to it
D	entry.dawn	629	645	unused import: Math	remove it: nothing in this module, its tests included, refers to it
D	entry.dawn	650	657	unused import: str	remove it: nothing in this module, its tests included, refers to it
D	entry.dawn	662	669	unused import: map	remove it: nothing in this module, its tests included, refers to it
