cuda_tile.module @m {
  entry @vadd(%arg0: tile<ptr<f64>>, %arg1: tile<ptr<f64>>, %arg2: tile<ptr<f64>>) {
    %0 = make_token : token
    %1, %2, %3 = get_num_tile_blocks : tile<i32>
    %4 = constant <i32: 128> : tile<i32>
    %5 = muli %1, %4 : tile<i32>
    %6 = assume div_by<16>, %arg0 : tile<ptr<f64>>
    %7 = make_tensor_view %6, shape = [%5], strides = [1] : tile<i32> -> tensor_view<?xf64, strides=[1]>
    %8 = make_partition_view %7 : partition_view<tile=(128), padding_value = zero, tensor_view<?xf64, strides=[1]>, dim_map=[0]>
    %9, %10, %11 = get_tile_block_id : tile<i32>
    %12, %13 = load_view_tko weak %8[%9] token=%0 : partition_view<tile=(128), padding_value = zero, tensor_view<?xf64, strides=[1]>, dim_map=[0]>, tile<i32> -> tile<128xf64>, token
    %14 = assume div_by<16>, %arg1 : tile<ptr<f64>>
    %15 = make_tensor_view %14, shape = [%5], strides = [1] : tile<i32> -> tensor_view<?xf64, strides=[1]>
    %16 = make_partition_view %15 : partition_view<tile=(128), padding_value = zero, tensor_view<?xf64, strides=[1]>, dim_map=[0]>
    %17, %18 = load_view_tko weak %16[%9] token=%13 : partition_view<tile=(128), padding_value = zero, tensor_view<?xf64, strides=[1]>, dim_map=[0]>, tile<i32> -> tile<128xf64>, token
    %19 = addf %12, %17 rounding<nearest_even> : tile<128xf64>
    %20 = assume div_by<16>, %arg2 : tile<ptr<f64>>
    %21 = make_tensor_view %20, shape = [%5], strides = [1] : tile<i32> -> tensor_view<?xf64, strides=[1]>
    %22 = make_partition_view %21 : partition_view<tile=(128), padding_value = zero, tensor_view<?xf64, strides=[1]>, dim_map=[0]>
    %23 = store_view_tko weak %19, %22[%9] token=%18 : tile<128xf64>, partition_view<tile=(128), padding_value = zero, tensor_view<?xf64, strides=[1]>, dim_map=[0]>, tile<i32> -> token
    return
  }
}
vadd on the fake device: [11.0, 22.0, 33.0, 44.0]
T2  shapes    extract, cat, permute: 192 lanes, first four [64.0, 65.0, 66.0, 67.0]
T3  narrowed  f8E4M3FN storage and conversion: 16 lanes, first four [1.125, 0.3125, 2.0, 6.0]
T4  interval  addf towards each infinity: 16 lanes, first four [1.0, 1.0, 1.0, 1.0000001192092896]
T5  collatz   a loop the data stops: 16 lanes, first four [0.0, 1.0, 7.0, 2.0]
T6  guarded   assert and print_tko: 8 lanes, first four [11.0, 21.0, 31.0, 41.0]
T7  table     two globals nobody uploaded: 16 lanes, first four [11.0, 11.5, 12.0, 12.5]
T10 scratch   alloca, written and read back: 8 lanes, first four [3.0, 6.0, 9.0, 12.0]
T15 hinted    vadd with optimization_hints: 4 lanes, first four [11.0, 22.0, 33.0, 44.0]
TG  symbols   a module global the host looks up: @tbl_a holds [1.0, 1.5, 2.0, 2.5], an undeclared name says gpu.no_module_symbol
