{
  "artifacts": {
    "native_compiler": {
      "bytes": 5508280,
      "sha256": "2215d4332e230f5179d0757f13587264f42e4dc495acf9a78324022bb53b3c5a"
    },
    "release_jar": {
      "bytes": 15094857,
      "sha256": "a3dc275425bc4560f127bec328c9bbdb91c00362c94957dd2a2b1879d331e39c"
    }
  },
  "bootstrap_cpu": {
    "rounds": [
      {
        "samples": [
          {
            "pass_a_user_ms": 23491,
            "pass_b_user_ms": 22946,
            "pass_c_user_ms": 22337,
            "ratio": 0.950874803116087
          },
          {
            "pass_a_user_ms": 25106,
            "pass_b_user_ms": 22825,
            "pass_c_user_ms": 23426,
            "ratio": 0.9330837250059747
          },
          {
            "pass_a_user_ms": 24084,
            "pass_b_user_ms": 23661,
            "pass_c_user_ms": 22051,
            "ratio": 0.9155871117754526
          }
        ],
        "status": "conclusive",
        "summary": {
          "median_pass_a_user_ms": 25106,
          "median_pass_c_user_ms": 23426,
          "median_ratio": 0.9330837250059747,
          "spread": 0.037818354768119525
        }
      }
    ],
    "selected_round": 1
  },
  "kind": "dawn-compiler-weight-baseline",
  "parameters": {
    "bootstrap_ratio_tolerance": 0.15,
    "max_rounds": 3,
    "noise_threshold": 0.15,
    "proc_interval_ms": 2.0,
    "startup_samples": 11,
    "weight_samples": 3
  },
  "platform": {
    "java_runtime": "OpenJDK Runtime Environment Homebrew (build 26.0.1)",
    "java_version": "openjdk version \"26.0.1\" 2026-04-21",
    "kernel": "6.18.35.2-microsoft-standard-WSL2",
    "locale": "C.UTF-8",
    "machine": "x86_64",
    "system": "Linux"
  },
  "recorded_at_utc": "2026-08-16T18:31:23.006866Z",
  "schema": 1,
  "seed": {
    "sha256": "eaae86e02c90fcda4bfc3efa46ea62f72d0ca089c5d237c1bd138f5df8007694",
    "tag": "v0.65.0"
  },
  "source": {
    "commit": "11cbbf62ab06c515e5588391d7541be82555163b",
    "tree": "clean"
  },
  "startup": {
    "bin_dawn": {
      "median_ns": 32570283,
      "samples_ns": [
        33078403,
        32044874,
        32536846,
        33641236,
        34256371,
        32938422,
        32476387,
        32525628,
        32589366,
        32570283,
        32269838
      ]
    },
    "direct_jar": {
      "median_ns": 31722672,
      "samples_ns": [
        32053738,
        31722672,
        31243614,
        31627056,
        34013608,
        31668548,
        30853453,
        30553300,
        31811560,
        31788210,
        32089138
      ]
    },
    "native_compiler": {
      "median_ns": 631051,
      "samples_ns": [
        688632,
        622691,
        633482,
        626951,
        631091,
        625412,
        646471,
        633452,
        631051,
        617070,
        625382
      ]
    }
  },
  "workloads": {
    "jvm_build_fib": {
      "expected_roles": [
        "compiler"
      ],
      "samples": [
        {
          "complete_overlap_samples": 386,
          "roles": {
            "compiler": {
              "max_heap_bytes": 2147483648,
              "process_count": 1,
              "rss_hwm_bytes": 233824256,
              "vas_peak_bytes": 9999167488
            }
          },
          "tree_peak_rss_bytes": 233824256,
          "wall_time_ns": 802096001
        },
        {
          "complete_overlap_samples": 406,
          "roles": {
            "compiler": {
              "max_heap_bytes": 2147483648,
              "process_count": 1,
              "rss_hwm_bytes": 228696064,
              "vas_peak_bytes": 9937850368
            }
          },
          "tree_peak_rss_bytes": 228696064,
          "wall_time_ns": 838316076
        },
        {
          "complete_overlap_samples": 374,
          "roles": {
            "compiler": {
              "max_heap_bytes": 2147483648,
              "process_count": 1,
              "rss_hwm_bytes": 252678144,
              "vas_peak_bytes": 10006007808
            }
          },
          "tree_peak_rss_bytes": 252678144,
          "wall_time_ns": 774793588
        }
      ],
      "summary": {
        "median_tree_peak_rss_bytes": 233824256,
        "median_wall_time_ns": 802096001,
        "roles": {
          "compiler": {
            "max_heap_bytes": 2147483648,
            "rss_hwm_bytes": 233824256,
            "vas_peak_bytes": 9999167488
          }
        }
      }
    },
    "native_build_fib": {
      "expected_roles": [
        "native_compiler"
      ],
      "samples": [
        {
          "complete_overlap_samples": 1540,
          "roles": {
            "native_compiler": {
              "max_heap_bytes": null,
              "process_count": 1,
              "rss_hwm_bytes": 31514624,
              "vas_peak_bytes": 676290560
            }
          },
          "tree_peak_rss_bytes": 146964480,
          "wall_time_ns": 3108060385
        },
        {
          "complete_overlap_samples": 1537,
          "roles": {
            "native_compiler": {
              "max_heap_bytes": null,
              "process_count": 1,
              "rss_hwm_bytes": 31514624,
              "vas_peak_bytes": 676290560
            }
          },
          "tree_peak_rss_bytes": 146821120,
          "wall_time_ns": 3093433703
        },
        {
          "complete_overlap_samples": 1550,
          "roles": {
            "native_compiler": {
              "max_heap_bytes": null,
              "process_count": 1,
              "rss_hwm_bytes": 31514624,
              "vas_peak_bytes": 676290560
            }
          },
          "tree_peak_rss_bytes": 146964480,
          "wall_time_ns": 3115996620
        }
      ],
      "summary": {
        "median_tree_peak_rss_bytes": 146964480,
        "median_wall_time_ns": 3108060385,
        "roles": {
          "native_compiler": {
            "max_heap_bytes": null,
            "rss_hwm_bytes": 31514624,
            "vas_peak_bytes": 676290560
          }
        }
      }
    },
    "test_selfhost": {
      "expected_roles": [
        "compiler",
        "dependency_reexec",
        "test_main"
      ],
      "samples": [
        {
          "complete_overlap_samples": 1708,
          "roles": {
            "compiler": {
              "max_heap_bytes": 2147483648,
              "process_count": 1,
              "rss_hwm_bytes": 160337920,
              "vas_peak_bytes": 13500981248
            },
            "dependency_reexec": {
              "max_heap_bytes": 2147483648,
              "process_count": 1,
              "rss_hwm_bytes": 721489920,
              "vas_peak_bytes": 10270965760
            },
            "test_main": {
              "max_heap_bytes": 2147483648,
              "process_count": 1,
              "rss_hwm_bytes": 522686464,
              "vas_peak_bytes": 10136608768
            }
          },
          "tree_peak_rss_bytes": 1361281024,
          "wall_time_ns": 9912268482
        },
        {
          "complete_overlap_samples": 1676,
          "roles": {
            "compiler": {
              "max_heap_bytes": 2147483648,
              "process_count": 1,
              "rss_hwm_bytes": 164720640,
              "vas_peak_bytes": 13635342336
            },
            "dependency_reexec": {
              "max_heap_bytes": 2147483648,
              "process_count": 1,
              "rss_hwm_bytes": 710590464,
              "vas_peak_bytes": 10135699456
            },
            "test_main": {
              "max_heap_bytes": 2147483648,
              "process_count": 1,
              "rss_hwm_bytes": 549326848,
              "vas_peak_bytes": 10136608768
            }
          },
          "tree_peak_rss_bytes": 1397985280,
          "wall_time_ns": 9835842635
        },
        {
          "complete_overlap_samples": 1672,
          "roles": {
            "compiler": {
              "max_heap_bytes": 2147483648,
              "process_count": 1,
              "rss_hwm_bytes": 174526464,
              "vas_peak_bytes": 13499027456
            },
            "dependency_reexec": {
              "max_heap_bytes": 2147483648,
              "process_count": 1,
              "rss_hwm_bytes": 716492800,
              "vas_peak_bytes": 10740727808
            },
            "test_main": {
              "max_heap_bytes": 2147483648,
              "process_count": 1,
              "rss_hwm_bytes": 536899584,
              "vas_peak_bytes": 10203582464
            }
          },
          "tree_peak_rss_bytes": 1394147328,
          "wall_time_ns": 9786089485
        }
      ],
      "summary": {
        "median_tree_peak_rss_bytes": 1394147328,
        "median_wall_time_ns": 9835842635,
        "roles": {
          "compiler": {
            "max_heap_bytes": 2147483648,
            "rss_hwm_bytes": 164720640,
            "vas_peak_bytes": 13500981248
          },
          "dependency_reexec": {
            "max_heap_bytes": 2147483648,
            "rss_hwm_bytes": 716492800,
            "vas_peak_bytes": 10270965760
          },
          "test_main": {
            "max_heap_bytes": 2147483648,
            "rss_hwm_bytes": 536899584,
            "vas_peak_bytes": 10136608768
          }
        }
      }
    },
    "test_stdlib": {
      "expected_roles": [
        "compiler",
        "test_main"
      ],
      "samples": [
        {
          "complete_overlap_samples": 541,
          "roles": {
            "compiler": {
              "max_heap_bytes": 2147483648,
              "process_count": 1,
              "rss_hwm_bytes": 274329600,
              "vas_peak_bytes": 10139992064
            },
            "test_main": {
              "max_heap_bytes": 2147483648,
              "process_count": 1,
              "rss_hwm_bytes": 658509824,
              "vas_peak_bytes": 10465869824
            }
          },
          "tree_peak_rss_bytes": 925294592,
          "wall_time_ns": 2073970639
        },
        {
          "complete_overlap_samples": 455,
          "roles": {
            "compiler": {
              "max_heap_bytes": 2147483648,
              "process_count": 1,
              "rss_hwm_bytes": 275017728,
              "vas_peak_bytes": 10604412928
            },
            "test_main": {
              "max_heap_bytes": 2147483648,
              "process_count": 1,
              "rss_hwm_bytes": 658976768,
              "vas_peak_bytes": 10397712384
            }
          },
          "tree_peak_rss_bytes": 934666240,
          "wall_time_ns": 1911821747
        },
        {
          "complete_overlap_samples": 451,
          "roles": {
            "compiler": {
              "max_heap_bytes": 2147483648,
              "process_count": 1,
              "rss_hwm_bytes": 269119488,
              "vas_peak_bytes": 10604412928
            },
            "test_main": {
              "max_heap_bytes": 2147483648,
              "process_count": 1,
              "rss_hwm_bytes": 658800640,
              "vas_peak_bytes": 10262446080
            }
          },
          "tree_peak_rss_bytes": 921210880,
          "wall_time_ns": 1887704971
        }
      ],
      "summary": {
        "median_tree_peak_rss_bytes": 925294592,
        "median_wall_time_ns": 1911821747,
        "roles": {
          "compiler": {
            "max_heap_bytes": 2147483648,
            "rss_hwm_bytes": 274329600,
            "vas_peak_bytes": 10604412928
          },
          "test_main": {
            "max_heap_bytes": 2147483648,
            "rss_hwm_bytes": 658800640,
            "vas_peak_bytes": 10397712384
          }
        }
      }
    }
  }
}
