# Bootstrap cost baseline. See scripts/selfhost-bench.sh for what the ratio is
# and why it, rather than a number of seconds, is the thing compared.
#
# ratio = passC_user / passA_user in a single run: HEAD compiling HEAD over a
# published seed compiling HEAD. Both halves see the same machine, so this
# transfers between machines; the context block below does not, and is
# recorded only so a surprising ratio has something to be read against.
ratio 1.1974
seed v0.25.0
tolerance 0.15

# context (recorded, never compared)
context samples 7
context spread_pct 6.3
context passA_user_ms 19308
context passC_user_ms 23119
context passC_wall_ms 10791
context java openjdk version 26.0.1 2026-04-21
context recorded_by scripts/selfhost-bench.sh
